Archive member included because of file (symbol)

c:/program files (x86)/microchip/xc32/v1.33/bin/bin/../../lib/gcc/pic32mx/4.5.2/../../../../pic32mx/lib\libmchp_peripheral.a(read_core_timer_lib.o)
                              build/C32_PIC32MX795F512L/production/user.o (ReadCoreTimer)
c:/program files (x86)/microchip/xc32/v1.33/bin/bin/../../lib/gcc/pic32mx/4.5.2/../../../../pic32mx/lib\libmchp_peripheral_32MX250F128D.a(int_disable_interrupts_lib.o)
                              build/C32_PIC32MX795F512L/production/Demonstration.o (INTDisableInterrupts)
c:/program files (x86)/microchip/xc32/v1.33/bin/bin/../../lib/gcc/pic32mx/4.5.2/../../../../pic32mx/lib\libmchp_peripheral_32MX250F128D.a(int_restore_interrupts_lib.o)
                              build/C32_PIC32MX795F512L/production/Demonstration.o (INTRestoreInterrupts)
c:/program files (x86)/microchip/xc32/v1.33/bin/bin/../../lib/gcc/pic32mx/4.5.2/../../../../pic32mx/lib\libmchp_peripheral_32MX250F128D.a(int_enable_mv_int_lib.o)
                              build/C32_PIC32MX795F512L/production/Demonstration.o (INTEnableSystemMultiVectoredInt)
c:/program files (x86)/microchip/xc32/v1.33/bin/bin/../../lib/gcc/pic32mx/4.5.2/../../../../pic32mx/lib\libmchp_peripheral_32MX250F128D.a(rtcc_init_lib.o)
                              build/C32_PIC32MX795F512L/production/Demonstration.o (RtccInit)
c:/program files (x86)/microchip/xc32/v1.33/bin/bin/../../lib/gcc/pic32mx/4.5.2/../../../../pic32mx/lib\libmchp_peripheral_32MX250F128D.a(rtcc_open_lib.o)
                              build/C32_PIC32MX795F512L/production/Demonstration.o (RtccOpen)
c:/program files (x86)/microchip/xc32/v1.33/bin/bin/../../lib/gcc/pic32mx/4.5.2/../../../../pic32mx/lib\libmchp_peripheral_32MX250F128D.a(spi_getc_spi1_lib_legacy.o)
                              build/C32_PIC32MX795F512L/production/SD-SPI.o (getcSPI1)
c:/program files (x86)/microchip/xc32/v1.33/bin/bin/../../lib/gcc/pic32mx/4.5.2/../../../../pic32mx/lib\libmchp_peripheral_32MX250F128D.a(spi_open_spi1_lib_legacy.o)
                              build/C32_PIC32MX795F512L/production/SD-SPI.o (OpenSPI1)
c:/program files (x86)/microchip/xc32/v1.33/bin/bin/../../lib/gcc/pic32mx/4.5.2/../../../../pic32mx/lib\libmchp_peripheral_32MX250F128D.a(spi_brg_tbl_lib_legacy.o)
                              c:/program files (x86)/microchip/xc32/v1.33/bin/bin/../../lib/gcc/pic32mx/4.5.2/../../../../pic32mx/lib\libmchp_peripheral_32MX250F128D.a(spi_open_spi1_lib_legacy.o) (_SpiBrgConvTbl)
c:/program files (x86)/microchip/xc32/v1.33/bin/bin/../../lib/gcc/pic32mx/4.5.2/../../../../pic32mx/lib\libmchp_peripheral_32MX250F128D.a(int_enable_interrupts_lib.o)
                              c:/program files (x86)/microchip/xc32/v1.33/bin/bin/../../lib/gcc/pic32mx/4.5.2/../../../../pic32mx/lib\libmchp_peripheral_32MX250F128D.a(int_enable_mv_int_lib.o) (INTEnableInterrupts)
c:/program files (x86)/microchip/xc32/v1.33/bin/bin/../../lib/gcc/pic32mx/4.5.2/../../../../pic32mx/lib\libmchp_peripheral_32MX250F128D.a(int_tbl_lib.o)
                              c:/program files (x86)/microchip/xc32/v1.33/bin/bin/../../lib/gcc/pic32mx/4.5.2/../../../../pic32mx/lib\libmchp_peripheral_32MX250F128D.a(rtcc_init_lib.o) (INTClearFlag)
c:/program files (x86)/microchip/xc32/v1.33/bin/bin/../../lib/gcc/pic32mx/4.5.2/../../../../pic32mx/lib\libmchp_peripheral_32MX250F128D.a(_rtcc_wait_clock_off_lib.o)
                              c:/program files (x86)/microchip/xc32/v1.33/bin/bin/../../lib/gcc/pic32mx/4.5.2/../../../../pic32mx/lib\libmchp_peripheral_32MX250F128D.a(rtcc_init_lib.o) (_RtccWaitClockOff)
c:/program files (x86)/microchip/xc32/v1.33/bin/bin/../../lib/gcc/pic32mx/4.5.2\libgcc.a(floatunsisf.o)
                              build/C32_PIC32MX795F512L/production/user.o (__floatunsisf)
c:/program files (x86)/microchip/xc32/v1.33/bin/bin/../../lib/gcc/pic32mx/4.5.2/../../../../pic32mx/lib\libpic32.a(memset.o)
                              build/C32_PIC32MX795F512L/production/FSIO.o (memset)
c:/program files (x86)/microchip/xc32/v1.33/bin/bin/../../lib/gcc/pic32mx/4.5.2/../../../../pic32mx/lib\libpic32.a(strcpy.o)
                              build/C32_PIC32MX795F512L/production/FSIO.o (strcpy)
c:/program files (x86)/microchip/xc32/v1.33/bin/bin/../../lib/gcc/pic32mx/4.5.2/../../../../pic32mx/lib\libpic32.a(strlen.o)
                              build/C32_PIC32MX795F512L/production/FSIO.o (strlen)
c:/program files (x86)/microchip/xc32/v1.33/bin/bin/../../lib/gcc/pic32mx/4.5.2/../../../../pic32mx/lib\libpic32.a(default-bootstrap-exception-handler.o)
                              c:/program files (x86)/microchip/xc32/v1.33/bin/bin/../../lib/gcc/pic32mx/4.5.2/../../../../pic32mx/lib/./proc/32MX250F128D/crt0_mips32r2.o (_bootstrap_exception_handler)
c:/program files (x86)/microchip/xc32/v1.33/bin/bin/../../lib/gcc/pic32mx/4.5.2/../../../../pic32mx/lib\libpic32.a(default-on-reset.o)
[...]
Memory Configuration

Name             Origin             Length             Attributes
kseg0_program_mem 0x9d000000         0x0001f000         xr
exception_mem    0x9d01f000         0x00001000
debug_exec_mem   0x9fc00490         0x00000760
kseg0_boot_mem   0x9fc00490         0x00000000
kseg1_boot_mem   0xbfc00000         0x00000490
config3          0xbfc00bf0         0x00000004
config2          0xbfc00bf4         0x00000004
config1          0xbfc00bf8         0x00000004
config0          0xbfc00bfc         0x00000004
kseg1_data_mem   0xa0000000         0x00008000         w !x
sfrs             0xbf800000         0x00100000
configsfrs       0xbfc00bf0         0x00000010
*default*        0x00000000         0xffffffff

Linker script and memory map

LOAD c:/program files (x86)/microchip/xc32/v1.33/bin/bin/../../lib/gcc/pic32mx/4.5.2/../../../../pic32mx/lib/./proc/32MX250F128D/crt0_mips32r2.o
LOAD c:/program files (x86)/microchip/xc32/v1.33/bin/bin/../../lib/gcc/pic32mx/4.5.2/../../../../pic32mx/lib\debug-exception-return.o
LOAD build/C32_PIC32MX795F512L/production/configuration_bits.o
LOAD build/C32_PIC32MX795F512L/production/exceptions.o
LOAD build/C32_PIC32MX795F512L/production/interrupts.o
LOAD build/C32_PIC32MX795F512L/production/system.o
LOAD build/C32_PIC32MX795F512L/production/user.o
LOAD build/C32_PIC32MX795F512L/production/Demonstration.o
LOAD build/C32_PIC32MX795F512L/production/FSIO.o
LOAD build/C32_PIC32MX795F512L/production/SD-SPI.o
LOAD build/C32_PIC32MX795F512L/production/HardwareProfile.o
                0x00000001                __MPLAB_BUILD = 0x1
LOAD c:/program files (x86)/microchip/xc32/v1.33/bin/bin/../../lib/gcc/pic32mx/4.5.2/../../../../pic32mx/lib/./proc/32MX250F128D\default_isr_vectors.o
LOAD c:/program files (x86)/microchip/xc32/v1.33/bin/bin/../../lib/gcc/pic32mx/4.5.2/../../../../pic32mx/lib\pic32_software_reset.o
                0x00000400                PROVIDE (_min_stack_size, 0x400)
LOAD c:/program files (x86)/microchip/xc32/v1.33/bin/bin/../../lib/gcc/pic32mx/4.5.2/../../../../pic32mx/lib/./proc/32MX250F128D\processor.o
START GROUP
LOAD c:/program files (x86)/microchip/xc32/v1.33/bin/bin/../../lib/gcc/pic32mx/4.5.2/../../../../pic32mx/lib\libmchp_peripheral.a
END GROUP
START GROUP
LOAD c:/program files (x86)/microchip/xc32/v1.33/bin/bin/../../lib/gcc/pic32mx/4.5.2/../../../../pic32mx/lib\libmchp_peripheral_32MX250F128D.a
END GROUP
                0x00000001                PROVIDE (_vector_spacing, 0x1)
                0x9d01f000                _ebase_address = 0x9d01f000
                0xbfc00000                _RESET_ADDR = 0xbfc00000
                0xbfc00380                _BEV_EXCPT_ADDR = 0xbfc00380
                0xbfc00480                _DBG_EXCPT_ADDR = 0xbfc00480
                0x9fc00490                _DBG_CODE_ADDR = 0x9fc00490
                0x00000760                _DBG_CODE_SIZE = 0x760
                0x9d01f180                _GEN_EXCPT_ADDR = (_ebase_address + 0x180)

.config_BFC00BF0
 *(.config_BFC00BF0)

.config_BFC00BF4
                0xbfc00bf4        0x4
 *(.config_BFC00BF4)
 .config_BFC00BF4
                0xbfc00bf4        0x4 build/C32_PIC32MX795F512L/production/Demonstration.o

.config_BFC00BF8
                0xbfc00bf8        0x4
 *(.config_BFC00BF8)
 .config_BFC00BF8
                0xbfc00bf8        0x4 build/C32_PIC32MX795F512L/production/Demonstration.o

.config_BFC00BFC
                0xbfc00bfc        0x4
 *(.config_BFC00BFC)
 .config_BFC00BFC
                0xbfc00bfc        0x4 build/C32_PIC32MX795F512L/production/Demonstration.o
                0xbfc02000                PROVIDE (_DBG_CODE_ADDR, 0xbfc02000)
                0x00000ff0                PROVIDE (_DBG_CODE_SIZE, 0xff0)

.reset          0xbfc00000      0x1cc
 *(.reset)
 .reset         0xbfc00000        0x8 c:/program files (x86)/microchip/xc32/v1.33/bin/bin/../../lib/gcc/pic32mx/4.5.2/../../../../pic32mx/lib/./proc/32MX250F128D/crt0_mips32r2.o
                0xbfc00000                _reset
 *(.reset.startup)
 .reset.startup
                0xbfc00008      0x1c4 c:/program files (x86)/microchip/xc32/v1.33/bin/bin/../../lib/gcc/pic32mx/4.5.2/../../../../pic32mx/lib/./proc/32MX250F128D/crt0_mips32r2.o

.bev_excpt      0xbfc00380       0x10
 *(.bev_handler)
 .bev_handler   0xbfc00380       0x10 c:/program files (x86)/microchip/xc32/v1.33/bin/bin/../../lib/gcc/pic32mx/4.5.2/../../../../pic32mx/lib/./proc/32MX250F128D/crt0_mips32r2.o

.dbg_excpt      0xbfc00480        0x0
                0xbfc00480                . = (. + DEFINED (_DEBUGGER)?0x8:0x0)

.dbg_code       0x9fc00490        0x0
                0x9fc00490                . = (. + DEFINED (_DEBUGGER)?_DBG_CODE_SIZE:0x0)

.app_excpt      0x9d01f180       0x10
 *(.gen_handler)
 .gen_handler   0x9d01f180       0x10 c:/program files (x86)/microchip/xc32/v1.33/bin/bin/../../lib/gcc/pic32mx/4.5.2/../../../../pic32mx/lib/./proc/32MX250F128D/crt0_mips32r2.o

.vector_0       0x9d01f200        0x8
 *(.vector_0)
 .vector_0      0x9d01f200        0x8 c:/program files (x86)/microchip/xc32/v1.33/bin/bin/../../lib/gcc/pic32mx/4.5.2/../../../../pic32mx/lib\libpic32.a(vector0.o)
                0x9d01f200                __vector_dispatch_0
                0x00000001                ASSERT (((_vector_spacing == 0x0) || (SIZEOF (.vector_0) <= (_vector_spacing << 0x5))), function at exception vector 0 too large)

.vector_1       0x9d01f220        0x8
 *(.vector_1)
 .vector_1      0x9d01f220        0x8 c:/program files (x86)/microchip/xc32/v1.33/bin/bin/../../lib/gcc/pic32mx/4.5.2/../../../../pic32mx/lib\libpic32.a(vector1.o)
                0x9d01f220                __vector_dispatch_1
                0x00000001                ASSERT (((_vector_spacing == 0x0) || (SIZEOF (.vector_1) <= (_vector_spacing << 0x5))), function at exception vector 1 too large)

.vector_2       0x9d01f240        0x8
 *(.vector_2)
 .vector_2      0x9d01f240        0x8 c:/program files (x86)/microchip/xc32/v1.33/bin/bin/../../lib/gcc/pic32mx/4.5.2/../../../../pic32mx/lib\libpic32.a(vector2.o)
                0x9d01f240                __vector_dispatch_2
                0x00000001                ASSERT (((_vector_spacing == 0x0) || (SIZEOF (.vector_2) <= (_vector_spacing << 0x5))), function at exception vector 2 too large)

.vector_3       0x9d01f260        0x8
 *(.vector_3)
 .vector_3      0x9d01f260        0x8 c:/program files (x86)/microchip/xc32/v1.33/bin/bin/../../lib/gcc/pic32mx/4.5.2/../../../../pic32mx/lib\libpic32.a(vector3.o)
                0x9d01f260                __vector_dispatch_3
                0x00000001                ASSERT (((_vector_spacing == 0x0) || (SIZEOF (.vector_3) <= (_vector_spacing << 0x5))), function at exception vector 3 too large)

.vector_4       0x9d01f280        0x8
 *(.vector_4)
 .vector_4      0x9d01f280        0x8 c:/program files (x86)/microchip/xc32/v1.33/bin/bin/../../lib/gcc/pic32mx/4.5.2/../../../../pic32mx/lib\libpic32.a(vector4.o)
                0x9d01f280                __vector_dispatch_4
                0x00000001                ASSERT (((_vector_spacing == 0x0) || (SIZEOF (.vector_4) <= (_vector_spacing << 0x5))), function at exception vector 4 too large)

.vector_5       0x9d01f2a0        0x8
 *(.vector_5)
 .vector_5      0x9d01f2a0        0x8 c:/program files (x86)/microchip/xc32/v1.33/bin/bin/../../lib/gcc/pic32mx/4.5.2/../../../../pic32mx/lib\libpic32.a(vector5.o)
                0x9d01f2a0                __vector_dispatch_5
                0x00000001                ASSERT (((_vector_spacing == 0x0) || (SIZEOF (.vector_5) <= (_vector_spacing << 0x5))), function at exception vector 5 too large)

.vector_6       0x9d01f2c0        0x8
 *(.vector_6)
 .vector_6      0x9d01f2c0        0x8 c:/program files (x86)/microchip/xc32/v1.33/bin/bin/../../lib/gcc/pic32mx/4.5.2/../../../../pic32mx/lib\libpic32.a(vector6.o)
                0x9d01f2c0                __vector_dispatch_6
                0x00000001                ASSERT (((_vector_spacing == 0x0) || (SIZEOF (.vector_6) <= (_vector_spacing << 0x5))), function at exception vector 6 too large)

.vector_7       0x9d01f2e0        0x8
 *(.vector_7)
 .vector_7      0x9d01f2e0        0x8 c:/program files (x86)/microchip/xc32/v1.33/bin/bin/../../lib/gcc/pic32mx/4.5.2/../../../../pic32mx/lib\libpic32.a(vector7.o)
                0x9d01f2e0                __vector_dispatch_7
                0x00000001                ASSERT (((_vector_spacing == 0x0) || (SIZEOF (.vector_7) <= (_vector_spacing << 0x5))), function at exception vector 7 too large)

.vector_8       0x9d01f300        0x8
 *(.vector_8)
 .vector_8      0x9d01f300        0x8 c:/program files (x86)/microchip/xc32/v1.33/bin/bin/../../lib/gcc/pic32mx/4.5.2/../../../../pic32mx/lib\libpic32.a(vector8.o)
                0x9d01f300                __vector_dispatch_8
                0x00000001                ASSERT (((_vector_spacing == 0x0) || (SIZEOF (.vector_8) <= (_vector_spacing << 0x5))), function at exception vector 8 too large)

.vector_9       0x9d01f320        0x8
 *(.vector_9)
 .vector_9      0x9d01f320        0x8 c:/program files (x86)/microchip/xc32/v1.33/bin/bin/../../lib/gcc/pic32mx/4.5.2/../../../../pic32mx/lib\libpic32.a(vector9.o)
                0x9d01f320                __vector_dispatch_9
                0x00000001                ASSERT (((_vector_spacing == 0x0) || (SIZEOF (.vector_9) <= (_vector_spacing << 0x5))), function at exception vector 9 too large)

.vector_10      0x9d01f340        0x8
 *(.vector_10)
 .vector_10     0x9d01f340        0x8 c:/program files (x86)/microchip/xc32/v1.33/bin/bin/../../lib/gcc/pic32mx/4.5.2/../../../../pic32mx/lib\libpic32.a(vector10.o)
                0x9d01f340                __vector_dispatch_10
                0x00000001                ASSERT (((_vector_spacing == 0x0) || (SIZEOF (.vector_10) <= (_vector_spacing << 0x5))), function at exception vector 10 too large)

.vector_11      0x9d01f360        0x8
 *(.vector_11)
 .vector_11     0x9d01f360        0x8 c:/program files (x86)/microchip/xc32/v1.33/bin/bin/../../lib/gcc/pic32mx/4.5.2/../../../../pic32mx/lib\libpic32.a(vector11.o)
                0x9d01f360                __vector_dispatch_11
                0x00000001                ASSERT (((_vector_spacing == 0x0) || (SIZEOF (.vector_11) <= (_vector_spacing << 0x5))), function at exception vector 11 too large)

.vector_12      0x9d01f380        0x8
 *(.vector_12)
 .vector_12     0x9d01f380        0x8 c:/program files (x86)/microchip/xc32/v1.33/bin/bin/../../lib/gcc/pic32mx/4.5.2/../../../../pic32mx/lib\libpic32.a(vector12.o)
                0x9d01f380                __vector_dispatch_12
                0x00000001                ASSERT (((_vector_spacing == 0x0) || (SIZEOF (.vector_12) <= (_vector_spacing << 0x5))), function at exception vector 12 too large)

.vector_13      0x9d01f3a0        0x8
 *(.vector_13)
 .vector_13     0x9d01f3a0        0x8 c:/program files (x86)/microchip/xc32/v1.33/bin/bin/../../lib/gcc/pic32mx/4.5.2/../../../../pic32mx/lib\libpic32.a(vector13.o)
                0x9d01f3a0                __vector_dispatch_13
                0x00000001                ASSERT (((_vector_spacing == 0x0) || (SIZEOF (.vector_13) <= (_vector_spacing << 0x5))), function at exception vector 13 too large)

.vector_14      0x9d01f3c0        0x8
 *(.vector_14)
 .vector_14     0x9d01f3c0        0x8 c:/program files (x86)/microchip/xc32/v1.33/bin/bin/../../lib/gcc/pic32mx/4.5.2/../../../../pic32mx/lib\libpic32.a(vector14.o)
                0x9d01f3c0                __vector_dispatch_14
                0x00000001                ASSERT (((_vector_spacing == 0x0) || (SIZEOF (.vector_14) <= (_vector_spacing << 0x5))), function at exception vector 14 too large)

.vector_15      0x9d01f3e0        0x8
 *(.vector_15)
 .vector_15     0x9d01f3e0        0x8 c:/program files (x86)/microchip/xc32/v1.33/bin/bin/../../lib/gcc/pic32mx/4.5.2/../../../../pic32mx/lib\libpic32.a(vector15.o)
                0x9d01f3e0                __vector_dispatch_15
                0x00000001                ASSERT (((_vector_spacing == 0x0) || (SIZEOF (.vector_15) <= (_vector_spacing << 0x5))), function at exception vector 15 too large)

.vector_16      0x9d01f400        0x8
 *(.vector_16)
 .vector_16     0x9d01f400        0x8 c:/program files (x86)/microchip/xc32/v1.33/bin/bin/../../lib/gcc/pic32mx/4.5.2/../../../../pic32mx/lib\libpic32.a(vector16.o)
                0x9d01f400                __vector_dispatch_16
                0x00000001                ASSERT (((_vector_spacing == 0x0) || (SIZEOF (.vector_16) <= (_vector_spacing << 0x5))), function at exception vector 16 too large)

.vector_17      0x9d01f420        0x8
 *(.vector_17)
 .vector_17     0x9d01f420        0x8 c:/program files (x86)/microchip/xc32/v1.33/bin/bin/../../lib/gcc/pic32mx/4.5.2/../../../../pic32mx/lib\libpic32.a(vector17.o)
                0x9d01f420                __vector_dispatch_17
                0x00000001                ASSERT (((_vector_spacing == 0x0) || (SIZEOF (.vector_17) <= (_vector_spacing << 0x5))), function at exception vector 17 too large)

.vector_18      0x9d01f440        0x8
 *(.vector_18)
 .vector_18     0x9d01f440        0x8 c:/program files (x86)/microchip/xc32/v1.33/bin/bin/../../lib/gcc/pic32mx/4.5.2/../../../../pic32mx/lib\libpic32.a(vector18.o)
                0x9d01f440                __vector_dispatch_18
                0x00000001                ASSERT (((_vector_spacing == 0x0) || (SIZEOF (.vector_18) <= (_vector_spacing << 0x5))), function at exception vector 18 too large)

.vector_19      0x9d01f460        0x8
 *(.vector_19)
 .vector_19     0x9d01f460        0x8 c:/program files (x86)/microchip/xc32/v1.33/bin/bin/../../lib/gcc/pic32mx/4.5.2/../../../../pic32mx/lib\libpic32.a(vector19.o)
                0x9d01f460                __vector_dispatch_19
                0x00000001                ASSERT (((_vector_spacing == 0x0) || (SIZEOF (.vector_19) <= (_vector_spacing << 0x5))), function at exception vector 19 too large)

.vector_20      0x9d01f480        0x8
 *(.vector_20)
 .vector_20     0x9d01f480        0x8 c:/program files (x86)/microchip/xc32/v1.33/bin/bin/../../lib/gcc/pic32mx/4.5.2/../../../../pic32mx/lib\libpic32.a(vector20.o)
                0x9d01f480                __vector_dispatch_20
                0x00000001                ASSERT (((_vector_spacing == 0x0) || (SIZEOF (.vector_20) <= (_vector_spacing << 0x5))), function at exception vector 20 too large)

.vector_21      0x9d01f4a0        0x8
 *(.vector_21)
 .vector_21     0x9d01f4a0        0x8 c:/program files (x86)/microchip/xc32/v1.33/bin/bin/../../lib/gcc/pic32mx/4.5.2/../../../../pic32mx/lib\libpic32.a(vector21.o)
                0x9d01f4a0                __vector_dispatch_21
                0x00000001                ASSERT (((_vector_spacing == 0x0) || (SIZEOF (.vector_21) <= (_vector_spacing << 0x5))), function at exception vector 21 too large)

.vector_22      0x9d01f4c0        0x8
 *(.vector_22)
 .vector_22     0x9d01f4c0        0x8 c:/program files (x86)/microchip/xc32/v1.33/bin/bin/../../lib/gcc/pic32mx/4.5.2/../../../../pic32mx/lib\libpic32.a(vector22.o)
                0x9d01f4c0                __vector_dispatch_22
                0x00000001                ASSERT (((_vector_spacing == 0x0) || (SIZEOF (.vector_22) <= (_vector_spacing << 0x5))), function at exception vector 22 too large)

.vector_23      0x9d01f4e0        0x8
 *(.vector_23)
 .vector_23     0x9d01f4e0        0x8 c:/program files (x86)/microchip/xc32/v1.33/bin/bin/../../lib/gcc/pic32mx/4.5.2/../../../../pic32mx/lib\libpic32.a(vector23.o)
                0x9d01f4e0                __vector_dispatch_23
                0x00000001                ASSERT (((_vector_spacing == 0x0) || (SIZEOF (.vector_23) <= (_vector_spacing << 0x5))), function at exception vector 23 too large)

.vector_24      0x9d01f500        0x8
 *(.vector_24)
 .vector_24     0x9d01f500        0x8 c:/program files (x86)/microchip/xc32/v1.33/bin/bin/../../lib/gcc/pic32mx/4.5.2/../../../../pic32mx/lib\libpic32.a(vector24.o)
                0x9d01f500                __vector_dispatch_24
                0x00000001                ASSERT (((_vector_spacing == 0x0) || (SIZEOF (.vector_24) <= (_vector_spacing << 0x5))), function at exception vector 24 too large)

.vector_25      0x9d01f520        0x8
 *(.vector_25)
 .vector_25     0x9d01f520        0x8 c:/program files (x86)/microchip/xc32/v1.33/bin/bin/../../lib/gcc/pic32mx/4.5.2/../../../../pic32mx/lib\libpic32.a(vector25.o)
                0x9d01f520                __vector_dispatch_25
                0x00000001                ASSERT (((_vector_spacing == 0x0) || (SIZEOF (.vector_25) <= (_vector_spacing << 0x5))), function at exception vector 25 too large)

.vector_26      0x9d01f540        0x8
 *(.vector_26)
 .vector_26     0x9d01f540        0x8 c:/program files (x86)/microchip/xc32/v1.33/bin/bin/../../lib/gcc/pic32mx/4.5.2/../../../../pic32mx/lib\libpic32.a(vector26.o)
                0x9d01f540                __vector_dispatch_26
                0x00000001                ASSERT (((_vector_spacing == 0x0) || (SIZEOF (.vector_26) <= (_vector_spacing << 0x5))), function at exception vector 26 too large)

.vector_27      0x9d01f560        0x8
 *(.vector_27)
 .vector_27     0x9d01f560        0x8 c:/program files (x86)/microchip/xc32/v1.33/bin/bin/../../lib/gcc/pic32mx/4.5.2/../../../../pic32mx/lib\libpic32.a(vector27.o)
                0x9d01f560                __vector_dispatch_27
                0x00000001                ASSERT (((_vector_spacing == 0x0) || (SIZEOF (.vector_27) <= (_vector_spacing << 0x5))), function at exception vector 27 too large)

.vector_28      0x9d01f580        0x8
 *(.vector_28)
 .vector_28     0x9d01f580        0x8 c:/program files (x86)/microchip/xc32/v1.33/bin/bin/../../lib/gcc/pic32mx/4.5.2/../../../../pic32mx/lib\libpic32.a(vector28.o)
                0x9d01f580                __vector_dispatch_28
                0x00000001                ASSERT (((_vector_spacing == 0x0) || (SIZEOF (.vector_28) <= (_vector_spacing << 0x5))), function at exception vector 28 too large)

.vector_29      0x9d01f5a0        0x8
 *(.vector_29)
 .vector_29     0x9d01f5a0        0x8 c:/program files (x86)/microchip/xc32/v1.33/bin/bin/../../lib/gcc/pic32mx/4.5.2/../../../../pic32mx/lib\libpic32.a(vector29.o)
                0x9d01f5a0                __vector_dispatch_29
                0x00000001                ASSERT (((_vector_spacing == 0x0) || (SIZEOF (.vector_29) <= (_vector_spacing << 0x5))), function at exception vector 29 too large)

.vector_30      0x9d01f5c0        0x8
 *(.vector_30)
 .vector_30     0x9d01f5c0        0x8 c:/program files (x86)/microchip/xc32/v1.33/bin/bin/../../lib/gcc/pic32mx/4.5.2/../../../../pic32mx/lib\libpic32.a(vector30.o)
                0x9d01f5c0                __vector_dispatch_30
                0x00000001                ASSERT (((_vector_spacing == 0x0) || (SIZEOF (.vector_30) <= (_vector_spacing << 0x5))), function at exception vector 30 too large)

.vector_31      0x9d01f5e0        0x8
 *(.vector_31)
 .vector_31     0x9d01f5e0        0x8 c:/program files (x86)/microchip/xc32/v1.33/bin/bin/../../lib/gcc/pic32mx/4.5.2/../../../../pic32mx/lib\libpic32.a(vector31.o)
                0x9d01f5e0                __vector_dispatch_31
                0x00000001                ASSERT (((_vector_spacing == 0x0) || (SIZEOF (.vector_31) <= (_vector_spacing << 0x5))), function at exception vector 31 too large)

.vector_32      0x9d01f600        0x8
 *(.vector_32)
 .vector_32     0x9d01f600        0x8 c:/program files (x86)/microchip/xc32/v1.33/bin/bin/../../lib/gcc/pic32mx/4.5.2/../../../../pic32mx/lib\libpic32.a(vector32.o)
                0x9d01f600                __vector_dispatch_32
                0x00000001                ASSERT (((_vector_spacing == 0x0) || (SIZEOF (.vector_32) <= (_vector_spacing << 0x5))), function at exception vector 32 too large)

.vector_33      0x9d01f620        0x8
 *(.vector_33)
 .vector_33     0x9d01f620        0x8 c:/program files (x86)/microchip/xc32/v1.33/bin/bin/../../lib/gcc/pic32mx/4.5.2/../../../../pic32mx/lib\libpic32.a(vector33.o)
                0x9d01f620                __vector_dispatch_33
                0x00000001                ASSERT (((_vector_spacing == 0x0) || (SIZEOF (.vector_33) <= (_vector_spacing << 0x5))), function at exception vector 33 too large)

.vector_34      0x9d01f640        0x8
 *(.vector_34)
 .vector_34     0x9d01f640        0x8 c:/program files (x86)/microchip/xc32/v1.33/bin/bin/../../lib/gcc/pic32mx/4.5.2/../../../../pic32mx/lib\libpic32.a(vector34.o)
                0x9d01f640                __vector_dispatch_34
                0x00000001                ASSERT (((_vector_spacing == 0x0) || (SIZEOF (.vector_34) <= (_vector_spacing << 0x5))), function at exception vector 34 too large)

.vector_35      0x9d01f660        0x8
 *(.vector_35)
 .vector_35     0x9d01f660        0x8 c:/program files (x86)/microchip/xc32/v1.33/bin/bin/../../lib/gcc/pic32mx/4.5.2/../../../../pic32mx/lib\libpic32.a(vector35.o)
                0x9d01f660                __vector_dispatch_35
                0x00000001                ASSERT (((_vector_spacing == 0x0) || (SIZEOF (.vector_35) <= (_vector_spacing << 0x5))), function at exception vector 35 too large)

.vector_36      0x9d01f680        0x8
 *(.vector_36)
 .vector_36     0x9d01f680        0x8 c:/program files (x86)/microchip/xc32/v1.33/bin/bin/../../lib/gcc/pic32mx/4.5.2/../../../../pic32mx/lib\libpic32.a(vector36.o)
                0x9d01f680                __vector_dispatch_36
                0x00000001                ASSERT (((_vector_spacing == 0x0) || (SIZEOF (.vector_36) <= (_vector_spacing << 0x5))), function at exception vector 36 too large)

.vector_37      0x9d01f6a0        0x8
 *(.vector_37)
 .vector_37     0x9d01f6a0        0x8 c:/program files (x86)/microchip/xc32/v1.33/bin/bin/../../lib/gcc/pic32mx/4.5.2/../../../../pic32mx/lib\libpic32.a(vector37.o)
                0x9d01f6a0                __vector_dispatch_37
                0x00000001                ASSERT (((_vector_spacing == 0x0) || (SIZEOF (.vector_37) <= (_vector_spacing << 0x5))), function at exception vector 37 too large)

.vector_38      0x9d01f6c0        0x8
 *(.vector_38)
 .vector_38     0x9d01f6c0        0x8 c:/program files (x86)/microchip/xc32/v1.33/bin/bin/../../lib/gcc/pic32mx/4.5.2/../../../../pic32mx/lib\libpic32.a(vector38.o)
                0x9d01f6c0                __vector_dispatch_38
                0x00000001                ASSERT (((_vector_spacing == 0x0) || (SIZEOF (.vector_38) <= (_vector_spacing << 0x5))), function at exception vector 38 too large)

.vector_39      0x9d01f6e0        0x8
 *(.vector_39)
 .vector_39     0x9d01f6e0        0x8 c:/program files (x86)/microchip/xc32/v1.33/bin/bin/../../lib/gcc/pic32mx/4.5.2/../../../../pic32mx/lib\libpic32.a(vector39.o)
                0x9d01f6e0                __vector_dispatch_39
                0x00000001                ASSERT (((_vector_spacing == 0x0) || (SIZEOF (.vector_39) <= (_vector_spacing << 0x5))), function at exception vector 39 too large)

.vector_40      0x9d01f700        0x8
 *(.vector_40)
 .vector_40     0x9d01f700        0x8 c:/program files (x86)/microchip/xc32/v1.33/bin/bin/../../lib/gcc/pic32mx/4.5.2/../../../../pic32mx/lib\libpic32.a(vector40.o)
                0x9d01f700                __vector_dispatch_40
                0x00000001                ASSERT (((_vector_spacing == 0x0) || (SIZEOF (.vector_40) <= (_vector_spacing << 0x5))), function at exception vector 40 too large)

.vector_41      0x9d01f720        0x8
 *(.vector_41)
 .vector_41     0x9d01f720        0x8 c:/program files (x86)/microchip/xc32/v1.33/bin/bin/../../lib/gcc/pic32mx/4.5.2/../../../../pic32mx/lib\libpic32.a(vector41.o)
                0x9d01f720                __vector_dispatch_41
                0x00000001                ASSERT (((_vector_spacing == 0x0) || (SIZEOF (.vector_41) <= (_vector_spacing << 0x5))), function at exception vector 41 too large)

.vector_42      0x9d01f740        0x8
 *(.vector_42)
 .vector_42     0x9d01f740        0x8 c:/program files (x86)/microchip/xc32/v1.33/bin/bin/../../lib/gcc/pic32mx/4.5.2/../../../../pic32mx/lib\libpic32.a(vector42.o)
                0x9d01f740                __vector_dispatch_42
                0x00000001                ASSERT (((_vector_spacing == 0x0) || (SIZEOF (.vector_42) <= (_vector_spacing << 0x5))), function at exception vector 42 too large)

.vector_43      0x9d01f760        0x8
 *(.vector_43)
 .vector_43     0x9d01f760        0x8 c:/program files (x86)/microchip/xc32/v1.33/bin/bin/../../lib/gcc/pic32mx/4.5.2/../../../../pic32mx/lib\libpic32.a(vector43.o)
                0x9d01f760                __vector_dispatch_43
                0x00000001                ASSERT (((_vector_spacing == 0x0) || (SIZEOF (.vector_43) <= (_vector_spacing << 0x5))), function at exception vector 43 too large)

.vector_44      0x9d01f780        0x8
 *(.vector_44)
 .vector_44     0x9d01f780        0x8 c:/program files (x86)/microchip/xc32/v1.33/bin/bin/../../lib/gcc/pic32mx/4.5.2/../../../../pic32mx/lib\libpic32.a(vector44.o)
                0x9d01f780                __vector_dispatch_44
                0x00000001                ASSERT (((_vector_spacing == 0x0) || (SIZEOF (.vector_44) <= (_vector_spacing << 0x5))), function at exception vector 44 too large)

.vector_45      0x9d01f7a0        0x8
 *(.vector_45)
 .vector_45     0x9d01f7a0        0x8 c:/program files (x86)/microchip/xc32/v1.33/bin/bin/../../lib/gcc/pic32mx/4.5.2/../../../../pic32mx/lib\libpic32.a(vector45.o)
                0x9d01f7a0                __vector_dispatch_45
                0x00000001                ASSERT (((_vector_spacing == 0x0) || (SIZEOF (.vector_45) <= (_vector_spacing << 0x5))), function at exception vector 45 too large)

.vector_46      0x9d01f7c0        0x8
 *(.vector_46)
 .vector_46     0x9d01f7c0        0x8 c:/program files (x86)/microchip/xc32/v1.33/bin/bin/../../lib/gcc/pic32mx/4.5.2/../../../../pic32mx/lib\libpic32.a(vector46.o)
                0x9d01f7c0                __vector_dispatch_46
                0x00000001                ASSERT (((_vector_spacing == 0x0) || (SIZEOF (.vector_46) <= (_vector_spacing << 0x5))), function at exception vector 46 too large)

.vector_47      0x9d01f7e0        0x8
 *(.vector_47)
 .vector_47     0x9d01f7e0        0x8 c:/program files (x86)/microchip/xc32/v1.33/bin/bin/../../lib/gcc/pic32mx/4.5.2/../../../../pic32mx/lib\libpic32.a(vector47.o)
                0x9d01f7e0                __vector_dispatch_47
                0x00000001                ASSERT (((_vector_spacing == 0x0) || (SIZEOF (.vector_47) <= (_vector_spacing << 0x5))), function at exception vector 47 too large)

.vector_48      0x9d01f800        0x8
 *(.vector_48)
 .vector_48     0x9d01f800        0x8 c:/program files (x86)/microchip/xc32/v1.33/bin/bin/../../lib/gcc/pic32mx/4.5.2/../../../../pic32mx/lib\libpic32.a(vector48.o)
                0x9d01f800                __vector_dispatch_48
                0x00000001                ASSERT (((_vector_spacing == 0x0) || (SIZEOF (.vector_48) <= (_vector_spacing << 0x5))), function at exception vector 48 too large)

.vector_49      0x9d01f820        0x8
 *(.vector_49)
 .vector_49     0x9d01f820        0x8 c:/program files (x86)/microchip/xc32/v1.33/bin/bin/../../lib/gcc/pic32mx/4.5.2/../../../../pic32mx/lib\libpic32.a(vector49.o)
                0x9d01f820                __vector_dispatch_49
                0x00000001                ASSERT (((_vector_spacing == 0x0) || (SIZEOF (.vector_49) <= (_vector_spacing << 0x5))), function at exception vector 49 too large)

.vector_50      0x9d01f840        0x8
 *(.vector_50)
 .vector_50     0x9d01f840        0x8 c:/program files (x86)/microchip/xc32/v1.33/bin/bin/../../lib/gcc/pic32mx/4.5.2/../../../../pic32mx/lib\libpic32.a(vector50.o)
                0x9d01f840                __vector_dispatch_50
                0x00000001                ASSERT (((_vector_spacing == 0x0) || (SIZEOF (.vector_50) <= (_vector_spacing << 0x5))), function at exception vector 50 too large)

.vector_51      0x9d01f860        0x8
 *(.vector_51)
 .vector_51     0x9d01f860        0x8 c:/program files (x86)/microchip/xc32/v1.33/bin/bin/../../lib/gcc/pic32mx/4.5.2/../../../../pic32mx/lib\libpic32.a(vector51.o)
                0x9d01f860                __vector_dispatch_51
                0x00000001                ASSERT (((_vector_spacing == 0x0) || (SIZEOF (.vector_51) <= (_vector_spacing << 0x5))), function at exception vector 51 too large)

.vector_52      0x9d01f880        0x8
 *(.vector_52)
 .vector_52     0x9d01f880        0x8 c:/program files (x86)/microchip/xc32/v1.33/bin/bin/../../lib/gcc/pic32mx/4.5.2/../../../../pic32mx/lib\libpic32.a(vector52.o)
                0x9d01f880                __vector_dispatch_52
                0x00000001                ASSERT (((_vector_spacing == 0x0) || (SIZEOF (.vector_52) <= (_vector_spacing << 0x5))), function at exception vector 52 too large)

.vector_53      0x9d01f8a0        0x8
 *(.vector_53)
 .vector_53     0x9d01f8a0        0x8 c:/program files (x86)/microchip/xc32/v1.33/bin/bin/../../lib/gcc/pic32mx/4.5.2/../../../../pic32mx/lib\libpic32.a(vector53.o)
                0x9d01f8a0                __vector_dispatch_53
                0x00000001                ASSERT (((_vector_spacing == 0x0) || (SIZEOF (.vector_53) <= (_vector_spacing << 0x5))), function at exception vector 53 too large)

.vector_54      0x9d01f8c0        0x8
 *(.vector_54)
 .vector_54     0x9d01f8c0        0x8 c:/program files (x86)/microchip/xc32/v1.33/bin/bin/../../lib/gcc/pic32mx/4.5.2/../../../../pic32mx/lib\libpic32.a(vector54.o)
                0x9d01f8c0                __vector_dispatch_54
                0x00000001                ASSERT (((_vector_spacing == 0x0) || (SIZEOF (.vector_54) <= (_vector_spacing << 0x5))), function at exception vector 54 too large)

.vector_55      0x9d01f8e0        0x8
 *(.vector_55)
 .vector_55     0x9d01f8e0        0x8 c:/program files (x86)/microchip/xc32/v1.33/bin/bin/../../lib/gcc/pic32mx/4.5.2/../../../../pic32mx/lib\libpic32.a(vector55.o)
                0x9d01f8e0                __vector_dispatch_55
                0x00000001                ASSERT (((_vector_spacing == 0x0) || (SIZEOF (.vector_55) <= (_vector_spacing << 0x5))), function at exception vector 55 too large)

.vector_56      0x9d01f900        0x8
 *(.vector_56)
 .vector_56     0x9d01f900        0x8 c:/program files (x86)/microchip/xc32/v1.33/bin/bin/../../lib/gcc/pic32mx/4.5.2/../../../../pic32mx/lib\libpic32.a(vector56.o)
                0x9d01f900                __vector_dispatch_56
                0x00000001                ASSERT (((_vector_spacing == 0x0) || (SIZEOF (.vector_56) <= (_vector_spacing << 0x5))), function at exception vector 56 too large)

.vector_57      0x9d01f920        0x8
 *(.vector_57)
 .vector_57     0x9d01f920        0x8 c:/program files (x86)/microchip/xc32/v1.33/bin/bin/../../lib/gcc/pic32mx/4.5.2/../../../../pic32mx/lib\libpic32.a(vector57.o)
                0x9d01f920                __vector_dispatch_57
                0x00000001                ASSERT (((_vector_spacing == 0x0) || (SIZEOF (.vector_57) <= (_vector_spacing << 0x5))), function at exception vector 57 too large)

.vector_58      0x9d01f940        0x8
 *(.vector_58)
 .vector_58     0x9d01f940        0x8 c:/program files (x86)/microchip/xc32/v1.33/bin/bin/../../lib/gcc/pic32mx/4.5.2/../../../../pic32mx/lib\libpic32.a(vector58.o)
                0x9d01f940                __vector_dispatch_58
                0x00000001                ASSERT (((_vector_spacing == 0x0) || (SIZEOF (.vector_58) <= (_vector_spacing << 0x5))), function at exception vector 58 too large)

.vector_59      0x9d01f960        0x8
 *(.vector_59)
 .vector_59     0x9d01f960        0x8 c:/program files (x86)/microchip/xc32/v1.33/bin/bin/../../lib/gcc/pic32mx/4.5.2/../../../../pic32mx/lib\libpic32.a(vector59.o)
                0x9d01f960                __vector_dispatch_59
                0x00000001                ASSERT (((_vector_spacing == 0x0) || (SIZEOF (.vector_59) <= (_vector_spacing << 0x5))), function at exception vector 59 too large)

.vector_60      0x9d01f980        0x8
 *(.vector_60)
 .vector_60     0x9d01f980        0x8 c:/program files (x86)/microchip/xc32/v1.33/bin/bin/../../lib/gcc/pic32mx/4.5.2/../../../../pic32mx/lib\libpic32.a(vector60.o)
                0x9d01f980                __vector_dispatch_60
                0x00000001                ASSERT (((_vector_spacing == 0x0) || (SIZEOF (.vector_60) <= (_vector_spacing << 0x5))), function at exception vector 60 too large)

.vector_61      0x9d01f9a0        0x8
 *(.vector_61)
 .vector_61     0x9d01f9a0        0x8 c:/program files (x86)/microchip/xc32/v1.33/bin/bin/../../lib/gcc/pic32mx/4.5.2/../../../../pic32mx/lib\libpic32.a(vector61.o)
                0x9d01f9a0                __vector_dispatch_61
                0x00000001                ASSERT (((_vector_spacing == 0x0) || (SIZEOF (.vector_61) <= (_vector_spacing << 0x5))), function at exception vector 61 too large)

.vector_62      0x9d01f9c0        0x8
 *(.vector_62)
 .vector_62     0x9d01f9c0        0x8 c:/program files (x86)/microchip/xc32/v1.33/bin/bin/../../lib/gcc/pic32mx/4.5.2/../../../../pic32mx/lib\libpic32.a(vector62.o)
                0x9d01f9c0                __vector_dispatch_62
                0x00000001                ASSERT (((_vector_spacing == 0x0) || (SIZEOF (.vector_62) <= (_vector_spacing << 0x5))), function at exception vector 62 too large)

.vector_63      0x9d01f9e0        0x8
 *(.vector_63)
 .vector_63     0x9d01f9e0        0x8 c:/program files (x86)/microchip/xc32/v1.33/bin/bin/../../lib/gcc/pic32mx/4.5.2/../../../../pic32mx/lib\libpic32.a(vector63.o)
                0x9d01f9e0                __vector_dispatch_63
                0x00000001                ASSERT (((_vector_spacing == 0x0) || (SIZEOF (.vector_63) <= (_vector_spacing << 0x5))), function at exception vector 63 too large)

.startup
 *(.startup)

.text           0x9d000000        0x0
 *(.stub .gnu.linkonce.t.*)
 *(.text.*personality*)
 *(.mips16.fn.*)
 *(.mips16.call.*)
 *(.gnu.warning)
                0x9d000000                . = ALIGN (0x4)

.init           0x9d000000        0x0
 *crti.o(.init)
 *crtbegin.o(.init)
 *(EXCLUDE_FILE(*crtn.o *crtend?.o *crtend.o) .init)
 *crtend.o(.init)
 *crtn.o(.init)
                0x9d000000                . = ALIGN (0x4)

.fini           0x9d000000        0x0
 *(.fini)
                0x9d000000                . = ALIGN (0x4)

.preinit_array  0x9d000000        0x0
                0x9d000000                PROVIDE (__preinit_array_start, .)
 *(.preinit_array)
                0x9d000000                PROVIDE (__preinit_array_end, .)
                0x9d000000                . = ALIGN (0x4)

.init_array     0x9d000000        0x0
                0x9d000000                PROVIDE (__init_array_start, .)
 *(SORT(.init_array.*))
 *(.init_array)
                0x9d000000                PROVIDE (__init_array_end, .)
                0x9d000000                . = ALIGN (0x4)

.fini_array     0x9d000000        0x0
                0x9d000000                PROVIDE (__fini_array_start, .)
 *(SORT(.fini_array.*))
 *(.fini_array)
                0x9d000000                PROVIDE (__fini_array_end, .)
                0x9d000000                . = ALIGN (0x4)

.ctors          0x9d000000        0x0
 *crtbegin.o(.ctors)
 *crtbegin?.o(.ctors)
 *(EXCLUDE_FILE(*crtend?.o *crtend.o) .ctors)
 *(SORT(.ctors.*))
 *(.ctors)
                0x9d000000                . = ALIGN (0x4)

.dtors          0x9d000000        0x0
 *crtbegin.o(.dtors)
 *crtbegin?.o(.dtors)
 *(EXCLUDE_FILE(*crtend?.o *crtend.o) .dtors)
 *(SORT(.dtors.*))
 *(.dtors)
                0x9d000000                . = ALIGN (0x4)

.rodata         0x9d000000        0x0
 *(.gnu.linkonce.r.*)
 *(.rodata1)
                0x9d000000                . = ALIGN (0x4)

.sdata2         0x9fc00490        0x0
 *(.sdata2 .sdata2.* .gnu.linkonce.s2.*)
                0x9fc00490                . = ALIGN (0x4)

.sbss2          0x9fc00490        0x0
 *(.sbss2 .sbss2.* .gnu.linkonce.sb2.*)
                0x9fc00490                . = ALIGN (0x4)

.eh_frame_hdr
 *(.eh_frame_hdr)
                0x9fc00490                . = ALIGN (0x4)

.eh_frame
 *(.eh_frame)
                0x9fc00490                . = ALIGN (0x4)

.gcc_except_table
 *(.gcc_except_table .gcc_except_table.*)
                0x9fc00490                . = ALIGN (0x4)

.dbg_data       0xa0000000        0x0
                0xa0000000                . = (. + DEFINED (_DEBUGGER)?0x200:0x0)

.jcr            0xa0000000        0x0
 *(.jcr)
                0xa0000000                . = ALIGN (0x4)

.eh_frame
 *(.eh_frame)
                0xa0000000                . = ALIGN (0x4)

.gcc_except_table
 *(.gcc_except_table .gcc_except_table.*)
                0xa0000000                . = ALIGN (0x4)

.persist        0xa0000000        0x0
                0xa0000000                _persist_begin = .
 *(.persist .persist.*)
 *(.pbss .pbss.*)
                0xa0000000                . = ALIGN (0x4)
                0xa0000000                _persist_end = .

.data           0xa0000000        0x0
 *(.gnu.linkonce.d.*)
 *(.data1)
                0xa0000000                . = ALIGN (0x4)
                0xa0000000                . = .
                0xa0007ff0                _gp = (ALIGN (0x10) + 0x7ff0)

.got            0xa0000000        0x0
 *(.got.plt)
 *(.got)
                0xa0000000                . = ALIGN (0x4)

.sdata          0xa0000000       0x18
                0xa0000000                _sdata_begin = .
 *(.sdata .sdata.* .gnu.linkonce.s.*)
 .sdata         0xa0000000        0x4 build/C32_PIC32MX795F512L/production/Demonstration.o
                0xa0000000                send2
 .sdata         0xa0000004        0xc build/C32_PIC32MX795F512L/production/FSIO.o
                0xa0000004                gLastFATSectorRead
                0xa0000008                gLastDataSectorRead
                0xa000000c                cwdptr
 .sdata         0xa0000010        0x8 c:/program files (x86)/microchip/xc32/v1.33/bin/bin/../../lib/gcc/pic32mx/4.5.2/../../../../pic32mx/lib\libmchp_peripheral_32MX250F128D.a(_rtcc_wait_clock_off_lib.o)
                0xa0000010                _RtccWaitClkStepSz
                0xa0000014                _RtccWaitClkSteps
                0xa0000018                . = ALIGN (0x4)
                0xa0000018                _sdata_end = .

.lit8
 *(.lit8)

.lit4
 *(.lit4)
                0xa0000018                . = ALIGN (0x4)
                0xa0000018                _data_end = .
                0xa0000018                _bss_begin = .

.sbss           0xa0000018       0x44
                0xa0000018                _sbss_begin = .
 *(.dynsbss)
 *(.sbss .sbss.* .gnu.linkonce.sb.*)
 .sbss          0xa0000018        0xc build/C32_PIC32MX795F512L/production/exceptions.o
 .sbss          0xa0000024        0xc build/C32_PIC32MX795F512L/production/FSIO.o
                0xa0000024                gNeedFATWrite
                0xa0000028                gBufferOwner
                0xa000002c                gNeedDataWrite
                0xa000002d                nextClusterIsLast
                0xa000002e                gBufferZeroed
                0xa000002f                recache
 .sbss          0xa0000030        0x8 build/C32_PIC32MX795F512L/production/SD-SPI.o
 *(.scommon)
 .scommon       0xa0000038       0x1c build/C32_PIC32MX795F512L/production/FSIO.o
                0xa0000038                gFileSlotOpen
                0xa000003b                gTimeCrtMS
                0xa000003c                gTimeCrtTime
                0xa0000040                FatRootDirClusterValue
                0xa0000044                gTimeWrtDate
                0xa0000046                gTimeCrtDate
                0xa0000048                TempClusterCalc
                0xa000004c                dirCleared
                0xa000004e                gTimeAccDate
                0xa0000050                FSerrno
                0xa0000052                gTimeWrtTime
 .scommon       0xa0000054        0x7 build/C32_PIC32MX795F512L/production/SD-SPI.o
                0xa0000054                MDD_SDSPI_finalLBA
                0xa0000058                gMediaSectorSize
                0xa000005a                gSDMode
                0xa000005b                _sbss_end = .
                0xa000005c                . = ALIGN (0x4)
 *fill*         0xa000005b        0x1 

.bss            0xa000005c      0x5e0
 *(.dynbss)
 *(COMMON)
 COMMON         0xa000005c       0x32 build/C32_PIC32MX795F512L/production/Demonstration.o
                0xa000005c                receiveBuffer
 *fill*         0xa000008e        0x2 
 COMMON         0xa0000090      0x5aa build/C32_PIC32MX795F512L/production/FSIO.o
                0xa0000090                gDataBuffer
                0xa0000290                cwd
                0xa00002cc                defaultString
                0xa00002dc                tempCWDobj
                0xa0000318                gFATBuffer
                0xa0000518                gFileArray
                0xa00005cc                gDiskData
                0xa00005f4                gFileTemp
                0xa0000630                defaultArray
                0xa000063c                . = ALIGN ((. != 0x0)?0x4:0x1)
 *fill*         0xa000063a        0x2 
                0xa000063c                . = ALIGN (0x4)
                0xa000063c                _end = .
                0xa000063c                _bss_end = .
                0x00008000                _bmxdudba_address = 0x8000
                0x00008000                _bmxdupba_address = 0x8000

/DISCARD/
 *(.pdr)
 *(.rel.dyn)
 *(.note.GNU-stack)
 *(.note.GNU-stack)
 *(.gnu_debuglink)
 *(.gnu.lto_*)
 *(.discard)

.gptab.sdata
 *(.gptab.data)
 *(.gptab.sdata)

.gptab.sbss
 *(.gptab.bss)
 *(.gptab.sbss)

.mdebug.abi32   0xa000063c        0x0
 *(.mdebug.abi32)
 .mdebug.abi32  0xa000063c        0x0 build/C32_PIC32MX795F512L/production/configuration_bits.o
 .mdebug.abi32  0xa000063c        0x0 build/C32_PIC32MX795F512L/production/exceptions.o
 .mdebug.abi32  0xa000063c        0x0 build/C32_PIC32MX795F512L/production/interrupts.o
 .mdebug.abi32  0xa000063c        0x0 build/C32_PIC32MX795F512L/production/system.o
 .mdebug.abi32  0xa000063c        0x0 build/C32_PIC32MX795F512L/production/user.o
 .mdebug.abi32  0xa000063c        0x0 build/C32_PIC32MX795F512L/production/Demonstration.o
 .mdebug.abi32  0xa000063c        0x0 build/C32_PIC32MX795F512L/production/FSIO.o
 .mdebug.abi32  0xa000063c        0x0 build/C32_PIC32MX795F512L/production/SD-SPI.o
 .mdebug.abi32  0xa000063c        0x0 build/C32_PIC32MX795F512L/production/HardwareProfile.o
 .mdebug.abi32  0xa000063c        0x0 c:/program files (x86)/microchip/xc32/v1.33/bin/bin/../../lib/gcc/pic32mx/4.5.2/../../../../pic32mx/lib\libmchp_peripheral.a(read_core_timer_lib.o)
 .mdebug.abi32  0xa000063c        0x0 c:/program files (x86)/microchip/xc32/v1.33/bin/bin/../../lib/gcc/pic32mx/4.5.2/../../../../pic32mx/lib\libmchp_peripheral_32MX250F128D.a(int_disable_interrupts_lib.o)
 .mdebug.abi32  0xa000063c        0x0 c:/program files (x86)/microchip/xc32/v1.33/bin/bin/../../lib/gcc/pic32mx/4.5.2/../../../../pic32mx/lib\libmchp_peripheral_32MX250F128D.a(int_restore_interrupts_lib.o)
 .mdebug.abi32  0xa000063c        0x0 c:/program files (x86)/microchip/xc32/v1.33/bin/bin/../../lib/gcc/pic32mx/4.5.2/../../../../pic32mx/lib\libmchp_peripheral_32MX250F128D.a(int_enable_mv_int_lib.o)
 .mdebug.abi32  0xa000063c        0x0 c:/program files (x86)/microchip/xc32/v1.33/bin/bin/../../lib/gcc/pic32mx/4.5.2/../../../../pic32mx/lib\libmchp_peripheral_32MX250F128D.a(rtcc_init_lib.o)
 .mdebug.abi32  0xa000063c        0x0 c:/program files (x86)/microchip/xc32/v1.33/bin/bin/../../lib/gcc/pic32mx/4.5.2/../../../../pic32mx/lib\libmchp_peripheral_32MX250F128D.a(rtcc_open_lib.o)
 .mdebug.abi32  0xa000063c        0x0 c:/program files (x86)/microchip/xc32/v1.33/bin/bin/../../lib/gcc/pic32mx/4.5.2/../../../../pic32mx/lib\libmchp_peripheral_32MX250F128D.a(spi_getc_spi1_lib_legacy.o)
 .mdebug.abi32  0xa000063c        0x0 c:/program files (x86)/microchip/xc32/v1.33/bin/bin/../../lib/gcc/pic32mx/4.5.2/../../../../pic32mx/lib\libmchp_peripheral_32MX250F128D.a(spi_open_spi1_lib_legacy.o)
 .mdebug.abi32  0xa000063c        0x0 c:/program files (x86)/microchip/xc32/v1.33/bin/bin/../../lib/gcc/pic32mx/4.5.2/../../../../pic32mx/lib\libmchp_peripheral_32MX250F128D.a(spi_brg_tbl_lib_legacy.o)
 .mdebug.abi32  0xa000063c        0x0 c:/program files (x86)/microchip/xc32/v1.33/bin/bin/../../lib/gcc/pic32mx/4.5.2/../../../../pic32mx/lib\libmchp_peripheral_32MX250F128D.a(int_enable_interrupts_lib.o)
 .mdebug.abi32  0xa000063c        0x0 c:/program files (x86)/microchip/xc32/v1.33/bin/bin/../../lib/gcc/pic32mx/4.5.2/../../../../pic32mx/lib\libmchp_peripheral_32MX250F128D.a(int_tbl_lib.o)
 .mdebug.abi32  0xa000063c        0x0 c:/program files (x86)/microchip/xc32/v1.33/bin/bin/../../lib/gcc/pic32mx/4.5.2/../../../../pic32mx/lib\libmchp_peripheral_32MX250F128D.a(_rtcc_wait_clock_off_lib.o)
 .mdebug.abi32  0xa000063c        0x0 c:/program files (x86)/microchip/xc32/v1.33/bin/bin/../../lib/gcc/pic32mx/4.5.2\libgcc.a(floatunsisf.o)
 .mdebug.abi32  0xa000063c        0x0 c:/program files (x86)/microchip/xc32/v1.33/bin/bin/../../lib/gcc/pic32mx/4.5.2/../../../../pic32mx/lib\libpic32.a(default-bootstrap-exception-handler.o)
 .mdebug.abi32  0xa000063c        0x0 c:/program files (x86)/microchip/xc32/v1.33/bin/bin/../../lib/gcc/pic32mx/4.5.2/../../../../pic32mx/lib\libpic32.a(default-on-reset.o)
 .mdebug.abi32  0xa000063c        0x0 c:/program files (x86)/microchip/xc32/v1.33/bin/bin/../../lib/gcc/pic32mx/4.5.2/../../../../pic32mx/lib\libpic32.a(default-on-bootstrap.o)
 .mdebug.abi32  0xa000063c        0x0 c:/program files (x86)/microchip/xc32/v1.33/bin/bin/../../lib/gcc/pic32mx/4.5.2/../../../../pic32mx/lib\libpic32.a(defaultinterrupt.o)
 .mdebug.abi32  0xa000063c        0x0 c:/program files (x86)/microchip/xc32/v1.33/bin/bin/../../lib/gcc/pic32mx/4.5.2/../../../../pic32mx/lib\libc.a(ctypef.o)
 .mdebug.abi32  0xa000063c        0x0 c:/program files (x86)/microchip/xc32/v1.33/bin/bin/../../lib/gcc/pic32mx/4.5.2/../../../../pic32mx/lib\libc.a(strchr.o)
 .mdebug.abi32  0xa000063c        0x0 c:/program files (x86)/microchip/xc32/v1.33/bin/bin/../../lib/gcc/pic32mx/4.5.2/../../../../pic32mx/lib\libc.a(strncpy.o)
 .mdebug.abi32  0xa000063c        0x0 c:/program files (x86)/microchip/xc32/v1.33/bin/bin/../../lib/gcc/pic32mx/4.5.2/../../../../pic32mx/lib\libc.a(ctype.o)

.mdebug.abiN32
 *(.mdebug.abiN32)

.mdebug.abi64
 *(.mdebug.abi64)

.mdebug.abiO64
 *(.mdebug.abiO64)

.mdebug.eabi32
 *(.mdebug.eabi32)

.mdebug.eabi64
 *(.mdebug.eabi64)

.gcc_compiled_long32
 *(.gcc_compiled_long32)

.gcc_compiled_long64
 *(.gcc_compiled_long64)

.stab
 *(.stab)

.stabstr
 *(.stabstr)

.stab.excl
 *(.stab.excl)

.stab.exclstr
 *(.stab.exclstr)

.stab.index
 *(.stab.index)

.stab.indexstr
 *(.stab.indexstr)

.comment        0x00000000      0x15f
 *(.comment)
 .comment       0x00000000       0x3c build/C32_PIC32MX795F512L/production/configuration_bits.o
                                 0x3d (size before relaxing)
 .comment       0x00000000       0x3d build/C32_PIC32MX795F512L/production/exceptions.o
 .comment       0x00000000       0x3d build/C32_PIC32MX795F512L/production/interrupts.o
 .comment       0x00000000       0x3d build/C32_PIC32MX795F512L/production/system.o
 .comment       0x00000000       0x3d build/C32_PIC32MX795F512L/production/user.o
 .comment       0x00000000       0x3d build/C32_PIC32MX795F512L/production/Demonstration.o
 .comment       0x00000000       0x3d build/C32_PIC32MX795F512L/production/FSIO.o
 .comment       0x00000000       0x3d build/C32_PIC32MX795F512L/production/SD-SPI.o
 .comment       0x00000000       0x3d build/C32_PIC32MX795F512L/production/HardwareProfile.o
 .comment       0x0000003c       0x3c c:/program files (x86)/microchip/xc32/v1.33/bin/bin/../../lib/gcc/pic32mx/4.5.2/../../../../pic32mx/lib\libmchp_peripheral.a(read_core_timer_lib.o)
                                 0x3d (size before relaxing)
 .comment       0x00000000       0x3d c:/program files (x86)/microchip/xc32/v1.33/bin/bin/../../lib/gcc/pic32mx/4.5.2/../../../../pic32mx/lib\libmchp_peripheral_32MX250F128D.a(int_disable_interrupts_lib.o)
 .comment       0x00000000       0x3d c:/program files (x86)/microchip/xc32/v1.33/bin/bin/../../lib/gcc/pic32mx/4.5.2/../../../../pic32mx/lib\libmchp_peripheral_32MX250F128D.a(int_restore_interrupts_lib.o)
 .comment       0x00000000       0x3d c:/program files (x86)/microchip/xc32/v1.33/bin/bin/../../lib/gcc/pic32mx/4.5.2/../../../../pic32mx/lib\libmchp_peripheral_32MX250F128D.a(int_enable_mv_int_lib.o)
 .comment       0x00000000       0x3d c:/program files (x86)/microchip/xc32/v1.33/bin/bin/../../lib/gcc/pic32mx/4.5.2/../../../../pic32mx/lib\libmchp_peripheral_32MX250F128D.a(rtcc_init_lib.o)
 .comment       0x00000000       0x3d c:/program files (x86)/microchip/xc32/v1.33/bin/bin/../../lib/gcc/pic32mx/4.5.2/../../../../pic32mx/lib\libmchp_peripheral_32MX250F128D.a(rtcc_open_lib.o)
 .comment       0x00000000       0x3d c:/program files (x86)/microchip/xc32/v1.33/bin/bin/../../lib/gcc/pic32mx/4.5.2/../../../../pic32mx/lib\libmchp_peripheral_32MX250F128D.a(spi_getc_spi1_lib_legacy.o)
 .comment       0x00000000       0x3d c:/program files (x86)/microchip/xc32/v1.33/bin/bin/../../lib/gcc/pic32mx/4.5.2/../../../../pic32mx/lib\libmchp_peripheral_32MX250F128D.a(spi_open_spi1_lib_legacy.o)
 .comment       0x00000000       0x3d c:/program files (x86)/microchip/xc32/v1.33/bin/bin/../../lib/gcc/pic32mx/4.5.2/../../../../pic32mx/lib\libmchp_peripheral_32MX250F128D.a(spi_brg_tbl_lib_legacy.o)
 .comment       0x00000000       0x3d c:/program files (x86)/microchip/xc32/v1.33/bin/bin/../../lib/gcc/pic32mx/4.5.2/../../../../pic32mx/lib\libmchp_peripheral_32MX250F128D.a(int_enable_interrupts_lib.o)
 .comment       0x00000000       0x3d c:/program files (x86)/microchip/xc32/v1.33/bin/bin/../../lib/gcc/pic32mx/4.5.2/../../../../pic32mx/lib\libmchp_peripheral_32MX250F128D.a(int_tbl_lib.o)
 .comment       0x00000000       0x3d c:/program files (x86)/microchip/xc32/v1.33/bin/bin/../../lib/gcc/pic32mx/4.5.2/../../../../pic32mx/lib\libmchp_peripheral_32MX250F128D.a(_rtcc_wait_clock_off_lib.o)
 .comment       0x00000000       0x3d c:/program files (x86)/microchip/xc32/v1.33/bin/bin/../../lib/gcc/pic32mx/4.5.2\libgcc.a(floatunsisf.o)
 .comment       0x00000078       0x18 c:/program files (x86)/microchip/xc32/v1.33/bin/bin/../../lib/gcc/pic32mx/4.5.2/../../../../pic32mx/lib\libpic32.a(memset.o)
                                 0x19 (size before relaxing)
 .comment       0x00000090       0x19 c:/program files (x86)/microchip/xc32/v1.33/bin/bin/../../lib/gcc/pic32mx/4.5.2/../../../../pic32mx/lib\libpic32.a(strcpy.o)
                                 0x1a (size before relaxing)
 .comment       0x000000a9       0x19 c:/program files (x86)/microchip/xc32/v1.33/bin/bin/../../lib/gcc/pic32mx/4.5.2/../../../../pic32mx/lib\libpic32.a(strlen.o)
                                 0x1a (size before relaxing)
 .comment       0x00000000       0x3d c:/program files (x86)/microchip/xc32/v1.33/bin/bin/../../lib/gcc/pic32mx/4.5.2/../../../../pic32mx/lib\libpic32.a(default-bootstrap-exception-handler.o)
 .comment       0x00000000       0x3d c:/program files (x86)/microchip/xc32/v1.33/bin/bin/../../lib/gcc/pic32mx/4.5.2/../../../../pic32mx/lib\libpic32.a(default-on-reset.o)
 .comment       0x00000000       0x3d c:/program files (x86)/microchip/xc32/v1.33/bin/bin/../../lib/gcc/pic32mx/4.5.2/../../../../pic32mx/lib\libpic32.a(default-on-bootstrap.o)
 .comment       0x00000000       0x3d c:/program files (x86)/microchip/xc32/v1.33/bin/bin/../../lib/gcc/pic32mx/4.5.2/../../../../pic32mx/lib\libpic32.a(defaultinterrupt.o)
 .comment       0x000000c2       0x4f c:/program files (x86)/microchip/xc32/v1.33/bin/bin/../../lib/gcc/pic32mx/4.5.2/../../../../pic32mx/lib\libc.a(ctypef.o)
                                 0x8c (size before relaxing)
 .comment       0x00000000       0x3d c:/program files (x86)/microchip/xc32/v1.33/bin/bin/../../lib/gcc/pic32mx/4.5.2/../../../../pic32mx/lib\libc.a(strchr.o)
 .comment       0x00000000       0x3d c:/program files (x86)/microchip/xc32/v1.33/bin/bin/../../lib/gcc/pic32mx/4.5.2/../../../../pic32mx/lib\libc.a(strncpy.o)
 .comment       0x00000111       0x4e c:/program files (x86)/microchip/xc32/v1.33/bin/bin/../../lib/gcc/pic32mx/4.5.2/../../../../pic32mx/lib\libc.a(ctype.o)
                                 0x8b (size before relaxing)

.debug
 *(.debug)

.line
 *(.line)

.debug_srcinfo
 *(.debug_srcinfo)

.debug_sfnames
 *(.debug_sfnames)

.debug_aranges  0x00000000      0x3e8
 *(.debug_aranges)
 .debug_aranges
                0x00000000       0x20 build/C32_PIC32MX795F512L/production/exceptions.o
 .debug_aranges
                0x00000020       0x20 build/C32_PIC32MX795F512L/production/user.o
 .debug_aranges
                0x00000040       0x20 build/C32_PIC32MX795F512L/production/Demonstration.o
 .debug_aranges
                0x00000060       0x20 build/C32_PIC32MX795F512L/production/FSIO.o
 .debug_aranges
                0x00000080       0x20 build/C32_PIC32MX795F512L/production/SD-SPI.o
 .debug_aranges
                0x000000a0       0x20 build/C32_PIC32MX795F512L/production/HardwareProfile.o
 .debug_aranges
                0x000000c0       0x20 c:/program files (x86)/microchip/xc32/v1.33/bin/bin/../../lib/gcc/pic32mx/4.5.2/../../../../pic32mx/lib\libmchp_peripheral.a(read_core_timer_lib.o)
 .debug_aranges
                0x000000e0       0x20 c:/program files (x86)/microchip/xc32/v1.33/bin/bin/../../lib/gcc/pic32mx/4.5.2/../../../../pic32mx/lib\libmchp_peripheral_32MX250F128D.a(int_disable_interrupts_lib.o)
 .debug_aranges
                0x00000100       0x20 c:/program files (x86)/microchip/xc32/v1.33/bin/bin/../../lib/gcc/pic32mx/4.5.2/../../../../pic32mx/lib\libmchp_peripheral_32MX250F128D.a(int_restore_interrupts_lib.o)
 .debug_aranges
                0x00000120       0x20 c:/program files (x86)/microchip/xc32/v1.33/bin/bin/../../lib/gcc/pic32mx/4.5.2/../../../../pic32mx/lib\libmchp_peripheral_32MX250F128D.a(int_enable_mv_int_lib.o)
 .debug_aranges
                0x00000140       0x20 c:/program files (x86)/microchip/xc32/v1.33/bin/bin/../../lib/gcc/pic32mx/4.5.2/../../../../pic32mx/lib\libmchp_peripheral_32MX250F128D.a(rtcc_init_lib.o)
 .debug_aranges
                0x00000160       0x20 c:/program files (x86)/microchip/xc32/v1.33/bin/bin/../../lib/gcc/pic32mx/4.5.2/../../../../pic32mx/lib\libmchp_peripheral_32MX250F128D.a(rtcc_open_lib.o)
 .debug_aranges
                0x00000180       0x20 c:/program files (x86)/microchip/xc32/v1.33/bin/bin/../../lib/gcc/pic32mx/4.5.2/../../../../pic32mx/lib\libmchp_peripheral_32MX250F128D.a(spi_getc_spi1_lib_legacy.o)
 .debug_aranges
                0x000001a0       0x20 c:/program files (x86)/microchip/xc32/v1.33/bin/bin/../../lib/gcc/pic32mx/4.5.2/../../../../pic32mx/lib\libmchp_peripheral_32MX250F128D.a(spi_open_spi1_lib_legacy.o)
 .debug_aranges
                0x000001c0       0x20 c:/program files (x86)/microchip/xc32/v1.33/bin/bin/../../lib/gcc/pic32mx/4.5.2/../../../../pic32mx/lib\libmchp_peripheral_32MX250F128D.a(int_enable_interrupts_lib.o)
 .debug_aranges
                0x000001e0       0x60 c:/program files (x86)/microchip/xc32/v1.33/bin/bin/../../lib/gcc/pic32mx/4.5.2/../../../../pic32mx/lib\libmchp_peripheral_32MX250F128D.a(int_tbl_lib.o)
 .debug_aranges
                0x00000240       0x28 c:/program files (x86)/microchip/xc32/v1.33/bin/bin/../../lib/gcc/pic32mx/4.5.2/../../../../pic32mx/lib\libmchp_peripheral_32MX250F128D.a(_rtcc_wait_clock_off_lib.o)
 .debug_aranges
                0x00000268       0x20 c:/program files (x86)/microchip/xc32/v1.33/bin/bin/../../lib/gcc/pic32mx/4.5.2\libgcc.a(floatunsisf.o)
 .debug_aranges
                0x00000288       0x20 c:/program files (x86)/microchip/xc32/v1.33/bin/bin/../../lib/gcc/pic32mx/4.5.2/../../../../pic32mx/lib\libpic32.a(default-bootstrap-exception-handler.o)
 .debug_aranges
                0x000002a8       0x20 c:/program files (x86)/microchip/xc32/v1.33/bin/bin/../../lib/gcc/pic32mx/4.5.2/../../../../pic32mx/lib\libpic32.a(default-on-reset.o)
 .debug_aranges
                0x000002c8       0x20 c:/program files (x86)/microchip/xc32/v1.33/bin/bin/../../lib/gcc/pic32mx/4.5.2/../../../../pic32mx/lib\libpic32.a(default-on-bootstrap.o)
 .debug_aranges
                0x000002e8       0x20 c:/program files (x86)/microchip/xc32/v1.33/bin/bin/../../lib/gcc/pic32mx/4.5.2/../../../../pic32mx/lib\libpic32.a(defaultinterrupt.o)
 .debug_aranges
                0x00000308       0xa0 c:/program files (x86)/microchip/xc32/v1.33/bin/bin/../../lib/gcc/pic32mx/4.5.2/../../../../pic32mx/lib\libc.a(ctypef.o)
 .debug_aranges
                0x000003a8       0x20 c:/program files (x86)/microchip/xc32/v1.33/bin/bin/../../lib/gcc/pic32mx/4.5.2/../../../../pic32mx/lib\libc.a(strchr.o)
 .debug_aranges
                0x000003c8       0x20 c:/program files (x86)/microchip/xc32/v1.33/bin/bin/../../lib/gcc/pic32mx/4.5.2/../../../../pic32mx/lib\libc.a(strncpy.o)

.debug_pubnames
                0x00000000      0xc89
 *(.debug_pubnames)
 .debug_pubnames
                0x00000000       0x31 build/C32_PIC32MX795F512L/production/exceptions.o
 .debug_pubnames
                0x00000031       0x2b build/C32_PIC32MX795F512L/production/user.o
 .debug_pubnames
                0x0000005c       0x46 build/C32_PIC32MX795F512L/production/Demonstration.o
 .debug_pubnames
                0x000000a2      0x5d9 build/C32_PIC32MX795F512L/production/FSIO.o
 .debug_pubnames
                0x0000067b      0x1ad build/C32_PIC32MX795F512L/production/SD-SPI.o
 .debug_pubnames
                0x00000828       0x24 build/C32_PIC32MX795F512L/production/HardwareProfile.o
 .debug_pubnames
                0x0000084c       0x24 c:/program files (x86)/microchip/xc32/v1.33/bin/bin/../../lib/gcc/pic32mx/4.5.2/../../../../pic32mx/lib\libmchp_peripheral.a(read_core_timer_lib.o)
 .debug_pubnames
                0x00000870       0x2b c:/program files (x86)/microchip/xc32/v1.33/bin/bin/../../lib/gcc/pic32mx/4.5.2/../../../../pic32mx/lib\libmchp_peripheral_32MX250F128D.a(int_disable_interrupts_lib.o)
 .debug_pubnames
                0x0000089b       0x2b c:/program files (x86)/microchip/xc32/v1.33/bin/bin/../../lib/gcc/pic32mx/4.5.2/../../../../pic32mx/lib\libmchp_peripheral_32MX250F128D.a(int_restore_interrupts_lib.o)
 .debug_pubnames
                0x000008c6       0x36 c:/program files (x86)/microchip/xc32/v1.33/bin/bin/../../lib/gcc/pic32mx/4.5.2/../../../../pic32mx/lib\libmchp_peripheral_32MX250F128D.a(int_enable_mv_int_lib.o)
 .debug_pubnames
                0x000008fc       0x1f c:/program files (x86)/microchip/xc32/v1.33/bin/bin/../../lib/gcc/pic32mx/4.5.2/../../../../pic32mx/lib\libmchp_peripheral_32MX250F128D.a(rtcc_init_lib.o)
 .debug_pubnames
                0x0000091b       0x1f c:/program files (x86)/microchip/xc32/v1.33/bin/bin/../../lib/gcc/pic32mx/4.5.2/../../../../pic32mx/lib\libmchp_peripheral_32MX250F128D.a(rtcc_open_lib.o)
 .debug_pubnames
                0x0000093a       0x1f c:/program files (x86)/microchip/xc32/v1.33/bin/bin/../../lib/gcc/pic32mx/4.5.2/../../../../pic32mx/lib\libmchp_peripheral_32MX250F128D.a(spi_getc_spi1_lib_legacy.o)
 .debug_pubnames
                0x00000959       0x1f c:/program files (x86)/microchip/xc32/v1.33/bin/bin/../../lib/gcc/pic32mx/4.5.2/../../../../pic32mx/lib\libmchp_peripheral_32MX250F128D.a(spi_open_spi1_lib_legacy.o)
 .debug_pubnames
                0x00000978       0x2a c:/program files (x86)/microchip/xc32/v1.33/bin/bin/../../lib/gcc/pic32mx/4.5.2/../../../../pic32mx/lib\libmchp_peripheral_32MX250F128D.a(int_enable_interrupts_lib.o)
 .debug_pubnames
                0x000009a2       0xca c:/program files (x86)/microchip/xc32/v1.33/bin/bin/../../lib/gcc/pic32mx/4.5.2/../../../../pic32mx/lib\libmchp_peripheral_32MX250F128D.a(int_tbl_lib.o)
 .debug_pubnames
                0x00000a6c       0x3e c:/program files (x86)/microchip/xc32/v1.33/bin/bin/../../lib/gcc/pic32mx/4.5.2/../../../../pic32mx/lib\libmchp_peripheral_32MX250F128D.a(_rtcc_wait_clock_off_lib.o)
 .debug_pubnames
                0x00000aaa       0x24 c:/program files (x86)/microchip/xc32/v1.33/bin/bin/../../lib/gcc/pic32mx/4.5.2\libgcc.a(floatunsisf.o)
 .debug_pubnames
                0x00000ace       0x33 c:/program files (x86)/microchip/xc32/v1.33/bin/bin/../../lib/gcc/pic32mx/4.5.2/../../../../pic32mx/lib\libpic32.a(default-bootstrap-exception-handler.o)
 .debug_pubnames
                0x00000b01       0x20 c:/program files (x86)/microchip/xc32/v1.33/bin/bin/../../lib/gcc/pic32mx/4.5.2/../../../../pic32mx/lib\libpic32.a(default-on-reset.o)
 .debug_pubnames
                0x00000b21       0x24 c:/program files (x86)/microchip/xc32/v1.33/bin/bin/../../lib/gcc/pic32mx/4.5.2/../../../../pic32mx/lib\libpic32.a(default-on-bootstrap.o)
 .debug_pubnames
                0x00000b45       0x28 c:/program files (x86)/microchip/xc32/v1.33/bin/bin/../../lib/gcc/pic32mx/4.5.2/../../../../pic32mx/lib\libpic32.a(defaultinterrupt.o)
 .debug_pubnames
                0x00000b6d       0xe1 c:/program files (x86)/microchip/xc32/v1.33/bin/bin/../../lib/gcc/pic32mx/4.5.2/../../../../pic32mx/lib\libc.a(ctypef.o)
 .debug_pubnames
                0x00000c4e       0x1d c:/program files (x86)/microchip/xc32/v1.33/bin/bin/../../lib/gcc/pic32mx/4.5.2/../../../../pic32mx/lib\libc.a(strchr.o)
 .debug_pubnames
                0x00000c6b       0x1e c:/program files (x86)/microchip/xc32/v1.33/bin/bin/../../lib/gcc/pic32mx/4.5.2/../../../../pic32mx/lib\libc.a(strncpy.o)

.debug_info     0x00000000     0xed4e
 *(.debug_info .gnu.linkonce.wi.*)
 .debug_info    0x00000000      0xeeb build/C32_PIC32MX795F512L/production/configuration_bits.o
 .debug_info    0x00000eeb     0x101f build/C32_PIC32MX795F512L/production/exceptions.o
 .debug_info    0x00001f0a      0xee3 build/C32_PIC32MX795F512L/production/interrupts.o
 .debug_info    0x00002ded      0xedf build/C32_PIC32MX795F512L/production/system.o
 .debug_info    0x00003ccc      0xf46 build/C32_PIC32MX795F512L/production/user.o
 .debug_info    0x00004c12     0x1779 build/C32_PIC32MX795F512L/production/Demonstration.o
 .debug_info    0x0000638b     0x4547 build/C32_PIC32MX795F512L/production/FSIO.o
 .debug_info    0x0000a8d2     0x28b0 build/C32_PIC32MX795F512L/production/SD-SPI.o
 .debug_info    0x0000d182      0xaab build/C32_PIC32MX795F512L/production/HardwareProfile.o
 .debug_info    0x0000dc2d       0xa6 c:/program files (x86)/microchip/xc32/v1.33/bin/bin/../../lib/gcc/pic32mx/4.5.2/../../../../pic32mx/lib\libmchp_peripheral.a(read_core_timer_lib.o)
 .debug_info    0x0000dcd3       0xb2 c:/program files (x86)/microchip/xc32/v1.33/bin/bin/../../lib/gcc/pic32mx/4.5.2/../../../../pic32mx/lib\libmchp_peripheral_32MX250F128D.a(int_disable_interrupts_lib.o)
 .debug_info    0x0000dd85       0xb2 c:/program files (x86)/microchip/xc32/v1.33/bin/bin/../../lib/gcc/pic32mx/4.5.2/../../../../pic32mx/lib\libmchp_peripheral_32MX250F128D.a(int_restore_interrupts_lib.o)
 .debug_info    0x0000de37       0xb8 c:/program files (x86)/microchip/xc32/v1.33/bin/bin/../../lib/gcc/pic32mx/4.5.2/../../../../pic32mx/lib\libmchp_peripheral_32MX250F128D.a(int_enable_mv_int_lib.o)
 .debug_info    0x0000deef      0x108 c:/program files (x86)/microchip/xc32/v1.33/bin/bin/../../lib/gcc/pic32mx/4.5.2/../../../../pic32mx/lib\libmchp_peripheral_32MX250F128D.a(rtcc_init_lib.o)
 .debug_info    0x0000dff7      0x108 c:/program files (x86)/microchip/xc32/v1.33/bin/bin/../../lib/gcc/pic32mx/4.5.2/../../../../pic32mx/lib\libmchp_peripheral_32MX250F128D.a(rtcc_open_lib.o)
 .debug_info    0x0000e0ff       0xa4 c:/program files (x86)/microchip/xc32/v1.33/bin/bin/../../lib/gcc/pic32mx/4.5.2/../../../../pic32mx/lib\libmchp_peripheral_32MX250F128D.a(spi_getc_spi1_lib_legacy.o)
 .debug_info    0x0000e1a3       0xa4 c:/program files (x86)/microchip/xc32/v1.33/bin/bin/../../lib/gcc/pic32mx/4.5.2/../../../../pic32mx/lib\libmchp_peripheral_32MX250F128D.a(spi_open_spi1_lib_legacy.o)
 .debug_info    0x0000e247        0x0 c:/program files (x86)/microchip/xc32/v1.33/bin/bin/../../lib/gcc/pic32mx/4.5.2/../../../../pic32mx/lib\libmchp_peripheral_32MX250F128D.a(spi_brg_tbl_lib_legacy.o)
 .debug_info    0x0000e247       0xb0 c:/program files (x86)/microchip/xc32/v1.33/bin/bin/../../lib/gcc/pic32mx/4.5.2/../../../../pic32mx/lib\libmchp_peripheral_32MX250F128D.a(int_enable_interrupts_lib.o)
 .debug_info    0x0000e2f7      0x192 c:/program files (x86)/microchip/xc32/v1.33/bin/bin/../../lib/gcc/pic32mx/4.5.2/../../../../pic32mx/lib\libmchp_peripheral_32MX250F128D.a(int_tbl_lib.o)
 .debug_info    0x0000e489       0xe3 c:/program files (x86)/microchip/xc32/v1.33/bin/bin/../../lib/gcc/pic32mx/4.5.2/../../../../pic32mx/lib\libmchp_peripheral_32MX250F128D.a(_rtcc_wait_clock_off_lib.o)
 .debug_info    0x0000e56c      0x125 c:/program files (x86)/microchip/xc32/v1.33/bin/bin/../../lib/gcc/pic32mx/4.5.2\libgcc.a(floatunsisf.o)
 .debug_info    0x0000e691       0xe2 c:/program files (x86)/microchip/xc32/v1.33/bin/bin/../../lib/gcc/pic32mx/4.5.2/../../../../pic32mx/lib\libpic32.a(default-bootstrap-exception-handler.o)
 .debug_info    0x0000e773       0xbc c:/program files (x86)/microchip/xc32/v1.33/bin/bin/../../lib/gcc/pic32mx/4.5.2/../../../../pic32mx/lib\libpic32.a(default-on-reset.o)
 .debug_info    0x0000e82f       0xc4 c:/program files (x86)/microchip/xc32/v1.33/bin/bin/../../lib/gcc/pic32mx/4.5.2/../../../../pic32mx/lib\libpic32.a(default-on-bootstrap.o)
 .debug_info    0x0000e8f3       0xd6 c:/program files (x86)/microchip/xc32/v1.33/bin/bin/../../lib/gcc/pic32mx/4.5.2/../../../../pic32mx/lib\libpic32.a(defaultinterrupt.o)
 .debug_info    0x0000e9c9      0x219 c:/program files (x86)/microchip/xc32/v1.33/bin/bin/../../lib/gcc/pic32mx/4.5.2/../../../../pic32mx/lib\libc.a(ctypef.o)
 .debug_info    0x0000ebe2       0xb5 c:/program files (x86)/microchip/xc32/v1.33/bin/bin/../../lib/gcc/pic32mx/4.5.2/../../../../pic32mx/lib\libc.a(strchr.o)
 .debug_info    0x0000ec97       0xb7 c:/program files (x86)/microchip/xc32/v1.33/bin/bin/../../lib/gcc/pic32mx/4.5.2/../../../../pic32mx/lib\libc.a(strncpy.o)
 .debug_info    0x0000ed4e        0x0 c:/program files (x86)/microchip/xc32/v1.33/bin/bin/../../lib/gcc/pic32mx/4.5.2/../../../../pic32mx/lib\libc.a(ctype.o)

.debug_abbrev   0x00000000     0x149c
 *(.debug_abbrev)
 .debug_abbrev  0x00000000      0x166 build/C32_PIC32MX795F512L/production/configuration_bits.o
 .debug_abbrev  0x00000166      0x1a2 build/C32_PIC32MX795F512L/production/exceptions.o
 .debug_abbrev  0x00000308      0x166 build/C32_PIC32MX795F512L/production/interrupts.o
 .debug_abbrev  0x0000046e      0x166 build/C32_PIC32MX795F512L/production/system.o
 .debug_abbrev  0x000005d4      0x1b0 build/C32_PIC32MX795F512L/production/user.o
 .debug_abbrev  0x00000784      0x31b build/C32_PIC32MX795F512L/production/Demonstration.o
 .debug_abbrev  0x00000a9f      0x2ed build/C32_PIC32MX795F512L/production/FSIO.o
 .debug_abbrev  0x00000d8c      0x341 build/C32_PIC32MX795F512L/production/SD-SPI.o
 .debug_abbrev  0x000010cd       0xa3 build/C32_PIC32MX795F512L/production/HardwareProfile.o
 .debug_abbrev  0x00001170       0x23 c:/program files (x86)/microchip/xc32/v1.33/bin/bin/../../lib/gcc/pic32mx/4.5.2/../../../../pic32mx/lib\libmchp_peripheral.a(read_core_timer_lib.o)
 .debug_abbrev  0x00001193       0x23 c:/program files (x86)/microchip/xc32/v1.33/bin/bin/../../lib/gcc/pic32mx/4.5.2/../../../../pic32mx/lib\libmchp_peripheral_32MX250F128D.a(int_disable_interrupts_lib.o)
 .debug_abbrev  0x000011b6       0x23 c:/program files (x86)/microchip/xc32/v1.33/bin/bin/../../lib/gcc/pic32mx/4.5.2/../../../../pic32mx/lib\libmchp_peripheral_32MX250F128D.a(int_restore_interrupts_lib.o)
 .debug_abbrev  0x000011d9       0x23 c:/program files (x86)/microchip/xc32/v1.33/bin/bin/../../lib/gcc/pic32mx/4.5.2/../../../../pic32mx/lib\libmchp_peripheral_32MX250F128D.a(int_enable_mv_int_lib.o)
 .debug_abbrev  0x000011fc       0x3f c:/program files (x86)/microchip/xc32/v1.33/bin/bin/../../lib/gcc/pic32mx/4.5.2/../../../../pic32mx/lib\libmchp_peripheral_32MX250F128D.a(rtcc_init_lib.o)
 .debug_abbrev  0x0000123b       0x3f c:/program files (x86)/microchip/xc32/v1.33/bin/bin/../../lib/gcc/pic32mx/4.5.2/../../../../pic32mx/lib\libmchp_peripheral_32MX250F128D.a(rtcc_open_lib.o)
 .debug_abbrev  0x0000127a       0x23 c:/program files (x86)/microchip/xc32/v1.33/bin/bin/../../lib/gcc/pic32mx/4.5.2/../../../../pic32mx/lib\libmchp_peripheral_32MX250F128D.a(spi_getc_spi1_lib_legacy.o)
 .debug_abbrev  0x0000129d       0x23 c:/program files (x86)/microchip/xc32/v1.33/bin/bin/../../lib/gcc/pic32mx/4.5.2/../../../../pic32mx/lib\libmchp_peripheral_32MX250F128D.a(spi_open_spi1_lib_legacy.o)
 .debug_abbrev  0x000012c0        0x1 c:/program files (x86)/microchip/xc32/v1.33/bin/bin/../../lib/gcc/pic32mx/4.5.2/../../../../pic32mx/lib\libmchp_peripheral_32MX250F128D.a(spi_brg_tbl_lib_legacy.o)
 .debug_abbrev  0x000012c1       0x23 c:/program files (x86)/microchip/xc32/v1.33/bin/bin/../../lib/gcc/pic32mx/4.5.2/../../../../pic32mx/lib\libmchp_peripheral_32MX250F128D.a(int_enable_interrupts_lib.o)
 .debug_abbrev  0x000012e4       0x23 c:/program files (x86)/microchip/xc32/v1.33/bin/bin/../../lib/gcc/pic32mx/4.5.2/../../../../pic32mx/lib\libmchp_peripheral_32MX250F128D.a(int_tbl_lib.o)
 .debug_abbrev  0x00001307       0x32 c:/program files (x86)/microchip/xc32/v1.33/bin/bin/../../lib/gcc/pic32mx/4.5.2/../../../../pic32mx/lib\libmchp_peripheral_32MX250F128D.a(_rtcc_wait_clock_off_lib.o)
 .debug_abbrev  0x00001339       0x5f c:/program files (x86)/microchip/xc32/v1.33/bin/bin/../../lib/gcc/pic32mx/4.5.2\libgcc.a(floatunsisf.o)
 .debug_abbrev  0x00001398       0x25 c:/program files (x86)/microchip/xc32/v1.33/bin/bin/../../lib/gcc/pic32mx/4.5.2/../../../../pic32mx/lib\libpic32.a(default-bootstrap-exception-handler.o)
 .debug_abbrev  0x000013bd       0x25 c:/program files (x86)/microchip/xc32/v1.33/bin/bin/../../lib/gcc/pic32mx/4.5.2/../../../../pic32mx/lib\libpic32.a(default-on-reset.o)
 .debug_abbrev  0x000013e2       0x25 c:/program files (x86)/microchip/xc32/v1.33/bin/bin/../../lib/gcc/pic32mx/4.5.2/../../../../pic32mx/lib\libpic32.a(default-on-bootstrap.o)
 .debug_abbrev  0x00001407       0x25 c:/program files (x86)/microchip/xc32/v1.33/bin/bin/../../lib/gcc/pic32mx/4.5.2/../../../../pic32mx/lib\libpic32.a(defaultinterrupt.o)
 .debug_abbrev  0x0000142c       0x25 c:/program files (x86)/microchip/xc32/v1.33/bin/bin/../../lib/gcc/pic32mx/4.5.2/../../../../pic32mx/lib\libc.a(ctypef.o)
 .debug_abbrev  0x00001451       0x25 c:/program files (x86)/microchip/xc32/v1.33/bin/bin/../../lib/gcc/pic32mx/4.5.2/../../../../pic32mx/lib\libc.a(strchr.o)
 .debug_abbrev  0x00001476       0x25 c:/program files (x86)/microchip/xc32/v1.33/bin/bin/../../lib/gcc/pic32mx/4.5.2/../../../../pic32mx/lib\libc.a(strncpy.o)
 .debug_abbrev  0x0000149b        0x1 c:/program files (x86)/microchip/xc32/v1.33/bin/bin/../../lib/gcc/pic32mx/4.5.2/../../../../pic32mx/lib\libc.a(ctype.o)

.debug_line     0x00000000     0x27ee
 *(.debug_line)
 .debug_line    0x00000000      0x11c build/C32_PIC32MX795F512L/production/configuration_bits.o
 .debug_line    0x0000011c      0x177 build/C32_PIC32MX795F512L/production/exceptions.o
 .debug_line    0x00000293      0x11c build/C32_PIC32MX795F512L/production/interrupts.o
 .debug_line    0x000003af      0x11c build/C32_PIC32MX795F512L/production/system.o
 .debug_line    0x000004cb      0x176 build/C32_PIC32MX795F512L/production/user.o
 .debug_line    0x00000641      0x2a9 build/C32_PIC32MX795F512L/production/Demonstration.o
 .debug_line    0x000008ea     0x1106 build/C32_PIC32MX795F512L/production/FSIO.o
 .debug_line    0x000019f0      0x346 build/C32_PIC32MX795F512L/production/SD-SPI.o
 .debug_line    0x00001d36       0xe7 build/C32_PIC32MX795F512L/production/HardwareProfile.o
 .debug_line    0x00001e1d       0x6e c:/program files (x86)/microchip/xc32/v1.33/bin/bin/../../lib/gcc/pic32mx/4.5.2/../../../../pic32mx/lib\libmchp_peripheral.a(read_core_timer_lib.o)
 .debug_line    0x00001e8b       0x73 c:/program files (x86)/microchip/xc32/v1.33/bin/bin/../../lib/gcc/pic32mx/4.5.2/../../../../pic32mx/lib\libmchp_peripheral_32MX250F128D.a(int_disable_interrupts_lib.o)
 .debug_line    0x00001efe       0x73 c:/program files (x86)/microchip/xc32/v1.33/bin/bin/../../lib/gcc/pic32mx/4.5.2/../../../../pic32mx/lib\libmchp_peripheral_32MX250F128D.a(int_restore_interrupts_lib.o)
 .debug_line    0x00001f71       0x6e c:/program files (x86)/microchip/xc32/v1.33/bin/bin/../../lib/gcc/pic32mx/4.5.2/../../../../pic32mx/lib\libmchp_peripheral_32MX250F128D.a(int_enable_mv_int_lib.o)
 .debug_line    0x00001fdf       0xc8 c:/program files (x86)/microchip/xc32/v1.33/bin/bin/../../lib/gcc/pic32mx/4.5.2/../../../../pic32mx/lib\libmchp_peripheral_32MX250F128D.a(rtcc_init_lib.o)
 .debug_line    0x000020a7       0xc8 c:/program files (x86)/microchip/xc32/v1.33/bin/bin/../../lib/gcc/pic32mx/4.5.2/../../../../pic32mx/lib\libmchp_peripheral_32MX250F128D.a(rtcc_open_lib.o)
 .debug_line    0x0000216f       0x71 c:/program files (x86)/microchip/xc32/v1.33/bin/bin/../../lib/gcc/pic32mx/4.5.2/../../../../pic32mx/lib\libmchp_peripheral_32MX250F128D.a(spi_getc_spi1_lib_legacy.o)
 .debug_line    0x000021e0       0x71 c:/program files (x86)/microchip/xc32/v1.33/bin/bin/../../lib/gcc/pic32mx/4.5.2/../../../../pic32mx/lib\libmchp_peripheral_32MX250F128D.a(spi_open_spi1_lib_legacy.o)
 .debug_line    0x00002251        0x0 c:/program files (x86)/microchip/xc32/v1.33/bin/bin/../../lib/gcc/pic32mx/4.5.2/../../../../pic32mx/lib\libmchp_peripheral_32MX250F128D.a(spi_brg_tbl_lib_legacy.o)
 .debug_line    0x00002251       0x72 c:/program files (x86)/microchip/xc32/v1.33/bin/bin/../../lib/gcc/pic32mx/4.5.2/../../../../pic32mx/lib\libmchp_peripheral_32MX250F128D.a(int_enable_interrupts_lib.o)
 .debug_line    0x000022c3       0x64 c:/program files (x86)/microchip/xc32/v1.33/bin/bin/../../lib/gcc/pic32mx/4.5.2/../../../../pic32mx/lib\libmchp_peripheral_32MX250F128D.a(int_tbl_lib.o)
 .debug_line    0x00002327       0xaf c:/program files (x86)/microchip/xc32/v1.33/bin/bin/../../lib/gcc/pic32mx/4.5.2/../../../../pic32mx/lib\libmchp_peripheral_32MX250F128D.a(_rtcc_wait_clock_off_lib.o)
 .debug_line    0x000023d6       0x8e c:/program files (x86)/microchip/xc32/v1.33/bin/bin/../../lib/gcc/pic32mx/4.5.2\libgcc.a(floatunsisf.o)
 .debug_line    0x00002464       0x97 c:/program files (x86)/microchip/xc32/v1.33/bin/bin/../../lib/gcc/pic32mx/4.5.2/../../../../pic32mx/lib\libpic32.a(default-bootstrap-exception-handler.o)
 .debug_line    0x000024fb       0x84 c:/program files (x86)/microchip/xc32/v1.33/bin/bin/../../lib/gcc/pic32mx/4.5.2/../../../../pic32mx/lib\libpic32.a(default-on-reset.o)
 .debug_line    0x0000257f       0x88 c:/program files (x86)/microchip/xc32/v1.33/bin/bin/../../lib/gcc/pic32mx/4.5.2/../../../../pic32mx/lib\libpic32.a(default-on-bootstrap.o)
 .debug_line    0x00002607       0x96 c:/program files (x86)/microchip/xc32/v1.33/bin/bin/../../lib/gcc/pic32mx/4.5.2/../../../../pic32mx/lib\libpic32.a(defaultinterrupt.o)
 .debug_line    0x0000269d       0x70 c:/program files (x86)/microchip/xc32/v1.33/bin/bin/../../lib/gcc/pic32mx/4.5.2/../../../../pic32mx/lib\libc.a(ctypef.o)
 .debug_line    0x0000270d       0x70 c:/program files (x86)/microchip/xc32/v1.33/bin/bin/../../lib/gcc/pic32mx/4.5.2/../../../../pic32mx/lib\libc.a(strchr.o)
 .debug_line    0x0000277d       0x71 c:/program files (x86)/microchip/xc32/v1.33/bin/bin/../../lib/gcc/pic32mx/4.5.2/../../../../pic32mx/lib\libc.a(strncpy.o)
 .debug_line    0x000027ee        0x0 c:/program files (x86)/microchip/xc32/v1.33/bin/bin/../../lib/gcc/pic32mx/4.5.2/../../../../pic32mx/lib\libc.a(ctype.o)

.debug_frame    0x00000000      0xd94
 *(.debug_frame)
 .debug_frame   0x00000000       0x2c build/C32_PIC32MX795F512L/production/exceptions.o
 .debug_frame   0x0000002c       0x4c build/C32_PIC32MX795F512L/production/user.o
 .debug_frame   0x00000078       0x2c build/C32_PIC32MX795F512L/production/Demonstration.o
 .debug_frame   0x000000a4      0x6c4 build/C32_PIC32MX795F512L/production/FSIO.o
 .debug_frame   0x00000768      0x1c0 build/C32_PIC32MX795F512L/production/SD-SPI.o
 .debug_frame   0x00000928       0x2c build/C32_PIC32MX795F512L/production/HardwareProfile.o
 .debug_frame   0x00000954       0x20 c:/program files (x86)/microchip/xc32/v1.33/bin/bin/../../lib/gcc/pic32mx/4.5.2/../../../../pic32mx/lib\libmchp_peripheral.a(read_core_timer_lib.o)
 .debug_frame   0x00000974       0x20 c:/program files (x86)/microchip/xc32/v1.33/bin/bin/../../lib/gcc/pic32mx/4.5.2/../../../../pic32mx/lib\libmchp_peripheral_32MX250F128D.a(int_disable_interrupts_lib.o)
 .debug_frame   0x00000994       0x20 c:/program files (x86)/microchip/xc32/v1.33/bin/bin/../../lib/gcc/pic32mx/4.5.2/../../../../pic32mx/lib\libmchp_peripheral_32MX250F128D.a(int_restore_interrupts_lib.o)
 .debug_frame   0x000009b4       0x28 c:/program files (x86)/microchip/xc32/v1.33/bin/bin/../../lib/gcc/pic32mx/4.5.2/../../../../pic32mx/lib\libmchp_peripheral_32MX250F128D.a(int_enable_mv_int_lib.o)
 .debug_frame   0x000009dc       0x2c c:/program files (x86)/microchip/xc32/v1.33/bin/bin/../../lib/gcc/pic32mx/4.5.2/../../../../pic32mx/lib\libmchp_peripheral_32MX250F128D.a(rtcc_init_lib.o)
 .debug_frame   0x00000a08       0x34 c:/program files (x86)/microchip/xc32/v1.33/bin/bin/../../lib/gcc/pic32mx/4.5.2/../../../../pic32mx/lib\libmchp_peripheral_32MX250F128D.a(rtcc_open_lib.o)
 .debug_frame   0x00000a3c       0x20 c:/program files (x86)/microchip/xc32/v1.33/bin/bin/../../lib/gcc/pic32mx/4.5.2/../../../../pic32mx/lib\libmchp_peripheral_32MX250F128D.a(spi_getc_spi1_lib_legacy.o)
 .debug_frame   0x00000a5c       0x20 c:/program files (x86)/microchip/xc32/v1.33/bin/bin/../../lib/gcc/pic32mx/4.5.2/../../../../pic32mx/lib\libmchp_peripheral_32MX250F128D.a(spi_open_spi1_lib_legacy.o)
 .debug_frame   0x00000a7c       0x20 c:/program files (x86)/microchip/xc32/v1.33/bin/bin/../../lib/gcc/pic32mx/4.5.2/../../../../pic32mx/lib\libmchp_peripheral_32MX250F128D.a(int_enable_interrupts_lib.o)
 .debug_frame   0x00000a9c       0xa0 c:/program files (x86)/microchip/xc32/v1.33/bin/bin/../../lib/gcc/pic32mx/4.5.2/../../../../pic32mx/lib\libmchp_peripheral_32MX250F128D.a(int_tbl_lib.o)
 .debug_frame   0x00000b3c       0x48 c:/program files (x86)/microchip/xc32/v1.33/bin/bin/../../lib/gcc/pic32mx/4.5.2/../../../../pic32mx/lib\libmchp_peripheral_32MX250F128D.a(_rtcc_wait_clock_off_lib.o)
 .debug_frame   0x00000b84       0x28 c:/program files (x86)/microchip/xc32/v1.33/bin/bin/../../lib/gcc/pic32mx/4.5.2\libgcc.a(floatunsisf.o)
 .debug_frame   0x00000bac       0x28 c:/program files (x86)/microchip/xc32/v1.33/bin/bin/../../lib/gcc/pic32mx/4.5.2/../../../../pic32mx/lib\libpic32.a(default-bootstrap-exception-handler.o)
 .debug_frame   0x00000bd4       0x20 c:/program files (x86)/microchip/xc32/v1.33/bin/bin/../../lib/gcc/pic32mx/4.5.2/../../../../pic32mx/lib\libpic32.a(default-on-reset.o)
 .debug_frame   0x00000bf4       0x20 c:/program files (x86)/microchip/xc32/v1.33/bin/bin/../../lib/gcc/pic32mx/4.5.2/../../../../pic32mx/lib\libpic32.a(default-on-bootstrap.o)
 .debug_frame   0x00000c14       0x20 c:/program files (x86)/microchip/xc32/v1.33/bin/bin/../../lib/gcc/pic32mx/4.5.2/../../../../pic32mx/lib\libpic32.a(defaultinterrupt.o)
 .debug_frame   0x00000c34      0x120 c:/program files (x86)/microchip/xc32/v1.33/bin/bin/../../lib/gcc/pic32mx/4.5.2/../../../../pic32mx/lib\libc.a(ctypef.o)
 .debug_frame   0x00000d54       0x20 c:/program files (x86)/microchip/xc32/v1.33/bin/bin/../../lib/gcc/pic32mx/4.5.2/../../../../pic32mx/lib\libc.a(strchr.o)
 .debug_frame   0x00000d74       0x20 c:/program files (x86)/microchip/xc32/v1.33/bin/bin/../../lib/gcc/pic32mx/4.5.2/../../../../pic32mx/lib\libc.a(strncpy.o)

.debug_str      0x00000000      0xc7e
 *(.debug_str)
 .debug_str     0x00000000       0xe2 build/C32_PIC32MX795F512L/production/configuration_bits.o
 .debug_str     0x000000e2       0xe2 build/C32_PIC32MX795F512L/production/exceptions.o
 .debug_str     0x000001c4       0xe2 build/C32_PIC32MX795F512L/production/interrupts.o
 .debug_str     0x000002a6       0xe2 build/C32_PIC32MX795F512L/production/system.o
 .debug_str     0x00000388       0xe2 build/C32_PIC32MX795F512L/production/user.o
 .debug_str     0x0000046a      0x124 build/C32_PIC32MX795F512L/production/Demonstration.o
 .debug_str     0x0000058e      0x4ab build/C32_PIC32MX795F512L/production/FSIO.o
 .debug_str     0x00000a39      0x1fe build/C32_PIC32MX795F512L/production/SD-SPI.o
 .debug_str     0x00000c37       0x47 build/C32_PIC32MX795F512L/production/HardwareProfile.o
 .debug_str     0x00000c7e        0x0 c:/program files (x86)/microchip/xc32/v1.33/bin/bin/../../lib/gcc/pic32mx/4.5.2/../../../../pic32mx/lib\libmchp_peripheral.a(read_core_timer_lib.o)
 .debug_str     0x00000c7e        0x0 c:/program files (x86)/microchip/xc32/v1.33/bin/bin/../../lib/gcc/pic32mx/4.5.2/../../../../pic32mx/lib\libmchp_peripheral_32MX250F128D.a(int_disable_interrupts_lib.o)
 .debug_str     0x00000c7e        0x0 c:/program files (x86)/microchip/xc32/v1.33/bin/bin/../../lib/gcc/pic32mx/4.5.2/../../../../pic32mx/lib\libmchp_peripheral_32MX250F128D.a(int_restore_interrupts_lib.o)
 .debug_str     0x00000c7e        0x0 c:/program files (x86)/microchip/xc32/v1.33/bin/bin/../../lib/gcc/pic32mx/4.5.2/../../../../pic32mx/lib\libmchp_peripheral_32MX250F128D.a(int_enable_mv_int_lib.o)
 .debug_str     0x00000c7e        0x0 c:/program files (x86)/microchip/xc32/v1.33/bin/bin/../../lib/gcc/pic32mx/4.5.2/../../../../pic32mx/lib\libmchp_peripheral_32MX250F128D.a(rtcc_init_lib.o)
 .debug_str     0x00000c7e        0x0 c:/program files (x86)/microchip/xc32/v1.33/bin/bin/../../lib/gcc/pic32mx/4.5.2/../../../../pic32mx/lib\libmchp_peripheral_32MX250F128D.a(rtcc_open_lib.o)
 .debug_str     0x00000c7e        0x0 c:/program files (x86)/microchip/xc32/v1.33/bin/bin/../../lib/gcc/pic32mx/4.5.2/../../../../pic32mx/lib\libmchp_peripheral_32MX250F128D.a(spi_getc_spi1_lib_legacy.o)
 .debug_str     0x00000c7e        0x0 c:/program files (x86)/microchip/xc32/v1.33/bin/bin/../../lib/gcc/pic32mx/4.5.2/../../../../pic32mx/lib\libmchp_peripheral_32MX250F128D.a(spi_open_spi1_lib_legacy.o)
 .debug_str     0x00000c7e        0x0 c:/program files (x86)/microchip/xc32/v1.33/bin/bin/../../lib/gcc/pic32mx/4.5.2/../../../../pic32mx/lib\libmchp_peripheral_32MX250F128D.a(spi_brg_tbl_lib_legacy.o)
 .debug_str     0x00000c7e        0x0 c:/program files (x86)/microchip/xc32/v1.33/bin/bin/../../lib/gcc/pic32mx/4.5.2/../../../../pic32mx/lib\libmchp_peripheral_32MX250F128D.a(int_enable_interrupts_lib.o)
 .debug_str     0x00000c7e        0x0 c:/program files (x86)/microchip/xc32/v1.33/bin/bin/../../lib/gcc/pic32mx/4.5.2/../../../../pic32mx/lib\libmchp_peripheral_32MX250F128D.a(int_tbl_lib.o)
 .debug_str     0x00000c7e        0x0 c:/program files (x86)/microchip/xc32/v1.33/bin/bin/../../lib/gcc/pic32mx/4.5.2/../../../../pic32mx/lib\libmchp_peripheral_32MX250F128D.a(_rtcc_wait_clock_off_lib.o)
 .debug_str     0x00000c7e        0x0 c:/program files (x86)/microchip/xc32/v1.33/bin/bin/../../lib/gcc/pic32mx/4.5.2\libgcc.a(floatunsisf.o)
 .debug_str     0x00000c7e        0x0 c:/program files (x86)/microchip/xc32/v1.33/bin/bin/../../lib/gcc/pic32mx/4.5.2/../../../../pic32mx/lib\libpic32.a(default-bootstrap-exception-handler.o)
 .debug_str     0x00000c7e        0x0 c:/program files (x86)/microchip/xc32/v1.33/bin/bin/../../lib/gcc/pic32mx/4.5.2/../../../../pic32mx/lib\libpic32.a(default-on-reset.o)
 .debug_str     0x00000c7e        0x0 c:/program files (x86)/microchip/xc32/v1.33/bin/bin/../../lib/gcc/pic32mx/4.5.2/../../../../pic32mx/lib\libpic32.a(default-on-bootstrap.o)
 .debug_str     0x00000c7e        0x0 c:/program files (x86)/microchip/xc32/v1.33/bin/bin/../../lib/gcc/pic32mx/4.5.2/../../../../pic32mx/lib\libpic32.a(defaultinterrupt.o)
 .debug_str     0x00000c7e        0x0 c:/program files (x86)/microchip/xc32/v1.33/bin/bin/../../lib/gcc/pic32mx/4.5.2/../../../../pic32mx/lib\libc.a(ctypef.o)
 .debug_str     0x00000c7e        0x0 c:/program files (x86)/microchip/xc32/v1.33/bin/bin/../../lib/gcc/pic32mx/4.5.2/../../../../pic32mx/lib\libc.a(strchr.o)
 .debug_str     0x00000c7e        0x0 c:/program files (x86)/microchip/xc32/v1.33/bin/bin/../../lib/gcc/pic32mx/4.5.2/../../../../pic32mx/lib\libc.a(strncpy.o)
 .debug_str     0x00000c7e        0x0 c:/program files (x86)/microchip/xc32/v1.33/bin/bin/../../lib/gcc/pic32mx/4.5.2/../../../../pic32mx/lib\libc.a(ctype.o)

.debug_loc      0x00000000       0x68
 *(.debug_loc)
 .debug_loc     0x00000000       0x68 c:/program files (x86)/microchip/xc32/v1.33/bin/bin/../../lib/gcc/pic32mx/4.5.2\libgcc.a(floatunsisf.o)

.debug_macinfo
 *(.debug_macinfo)

.debug_weaknames
 *(.debug_weaknames)

.debug_funcnames
 *(.debug_funcnames)

.debug_typenames
 *(.debug_typenames)

.debug_varnames
 *(.debug_varnames)

.debug_pubtypes
                0x00000000      0x93c
 *(.debug_pubtypes)
 .debug_pubtypes
                0x00000000       0xbd build/C32_PIC32MX795F512L/production/configuration_bits.o
 .debug_pubtypes
                0x000000bd       0xbd build/C32_PIC32MX795F512L/production/exceptions.o
 .debug_pubtypes
                0x0000017a       0xbd build/C32_PIC32MX795F512L/production/interrupts.o
 .debug_pubtypes
                0x00000237       0xbd build/C32_PIC32MX795F512L/production/system.o
 .debug_pubtypes
                0x000002f4       0xbd build/C32_PIC32MX795F512L/production/user.o
 .debug_pubtypes
                0x000003b1      0x115 build/C32_PIC32MX795F512L/production/Demonstration.o
 .debug_pubtypes
                0x000004c6      0x1db build/C32_PIC32MX795F512L/production/FSIO.o
 .debug_pubtypes
                0x000006a1      0x1d6 build/C32_PIC32MX795F512L/production/SD-SPI.o
 .debug_pubtypes
                0x00000877       0x91 build/C32_PIC32MX795F512L/production/HardwareProfile.o
 .debug_pubtypes
                0x00000908       0x34 c:/program files (x86)/microchip/xc32/v1.33/bin/bin/../../lib/gcc/pic32mx/4.5.2\libgcc.a(floatunsisf.o)

.debug_ranges   0x00000000       0xf0
 *(.debug_ranges)
 .debug_ranges  0x00000000       0x10 c:/program files (x86)/microchip/xc32/v1.33/bin/bin/../../lib/gcc/pic32mx/4.5.2/../../../../pic32mx/lib\libpic32.a(default-bootstrap-exception-handler.o)
 .debug_ranges  0x00000010       0x10 c:/program files (x86)/microchip/xc32/v1.33/bin/bin/../../lib/gcc/pic32mx/4.5.2/../../../../pic32mx/lib\libpic32.a(default-on-reset.o)
 .debug_ranges  0x00000020       0x10 c:/program files (x86)/microchip/xc32/v1.33/bin/bin/../../lib/gcc/pic32mx/4.5.2/../../../../pic32mx/lib\libpic32.a(default-on-bootstrap.o)
 .debug_ranges  0x00000030       0x10 c:/program files (x86)/microchip/xc32/v1.33/bin/bin/../../lib/gcc/pic32mx/4.5.2/../../../../pic32mx/lib\libpic32.a(defaultinterrupt.o)
 .debug_ranges  0x00000040       0x90 c:/program files (x86)/microchip/xc32/v1.33/bin/bin/../../lib/gcc/pic32mx/4.5.2/../../../../pic32mx/lib\libc.a(ctypef.o)
 .debug_ranges  0x000000d0       0x10 c:/program files (x86)/microchip/xc32/v1.33/bin/bin/../../lib/gcc/pic32mx/4.5.2/../../../../pic32mx/lib\libc.a(strchr.o)
 .debug_ranges  0x000000e0       0x10 c:/program files (x86)/microchip/xc32/v1.33/bin/bin/../../lib/gcc/pic32mx/4.5.2/../../../../pic32mx/lib\libc.a(strncpy.o)

.gnu.attributes
                0x00000000       0x10
 *(.gnu.attributes)
 .gnu.attributes
                0x00000000       0x10 build/C32_PIC32MX795F512L/production/configuration_bits.o
 .gnu.attributes
                0x00000010       0x10 build/C32_PIC32MX795F512L/production/exceptions.o
 .gnu.attributes
                0x00000020       0x10 build/C32_PIC32MX795F512L/production/interrupts.o
 .gnu.attributes
                0x00000030       0x10 build/C32_PIC32MX795F512L/production/system.o
 .gnu.attributes
                0x00000040       0x10 build/C32_PIC32MX795F512L/production/user.o
 .gnu.attributes
                0x00000050       0x10 build/C32_PIC32MX795F512L/production/Demonstration.o
 .gnu.attributes
                0x00000060       0x10 build/C32_PIC32MX795F512L/production/FSIO.o
 .gnu.attributes
                0x00000070       0x10 build/C32_PIC32MX795F512L/production/SD-SPI.o
 .gnu.attributes
                0x00000080       0x10 build/C32_PIC32MX795F512L/production/HardwareProfile.o
 .gnu.attributes
                0x00000090       0x10 c:/program files (x86)/microchip/xc32/v1.33/bin/bin/../../lib/gcc/pic32mx/4.5.2/../../../../pic32mx/lib\libmchp_peripheral.a(read_core_timer_lib.o)
 .gnu.attributes
                0x000000a0       0x10 c:/program files (x86)/microchip/xc32/v1.33/bin/bin/../../lib/gcc/pic32mx/4.5.2/../../../../pic32mx/lib\libmchp_peripheral_32MX250F128D.a(int_disable_interrupts_lib.o)
 .gnu.attributes
                0x000000b0       0x10 c:/program files (x86)/microchip/xc32/v1.33/bin/bin/../../lib/gcc/pic32mx/4.5.2/../../../../pic32mx/lib\libmchp_peripheral_32MX250F128D.a(int_restore_interrupts_lib.o)
 .gnu.attributes
                0x000000c0       0x10 c:/program files (x86)/microchip/xc32/v1.33/bin/bin/../../lib/gcc/pic32mx/4.5.2/../../../../pic32mx/lib\libmchp_peripheral_32MX250F128D.a(int_enable_mv_int_lib.o)
 .gnu.attributes
                0x000000d0       0x10 c:/program files (x86)/microchip/xc32/v1.33/bin/bin/../../lib/gcc/pic32mx/4.5.2/../../../../pic32mx/lib\libmchp_peripheral_32MX250F128D.a(rtcc_init_lib.o)
 .gnu.attributes
                0x000000e0       0x10 c:/program files (x86)/microchip/xc32/v1.33/bin/bin/../../lib/gcc/pic32mx/4.5.2/../../../../pic32mx/lib\libmchp_peripheral_32MX250F128D.a(rtcc_open_lib.o)
 .gnu.attributes
                0x000000f0       0x10 c:/program files (x86)/microchip/xc32/v1.33/bin/bin/../../lib/gcc/pic32mx/4.5.2/../../../../pic32mx/lib\libmchp_peripheral_32MX250F128D.a(spi_getc_spi1_lib_legacy.o)
 .gnu.attributes
                0x00000100       0x10 c:/program files (x86)/microchip/xc32/v1.33/bin/bin/../../lib/gcc/pic32mx/4.5.2/../../../../pic32mx/lib\libmchp_peripheral_32MX250F128D.a(spi_open_spi1_lib_legacy.o)
 .gnu.attributes
                0x00000110       0x10 c:/program files (x86)/microchip/xc32/v1.33/bin/bin/../../lib/gcc/pic32mx/4.5.2/../../../../pic32mx/lib\libmchp_peripheral_32MX250F128D.a(spi_brg_tbl_lib_legacy.o)
 .gnu.attributes
                0x00000120       0x10 c:/program files (x86)/microchip/xc32/v1.33/bin/bin/../../lib/gcc/pic32mx/4.5.2/../../../../pic32mx/lib\libmchp_peripheral_32MX250F128D.a(int_enable_interrupts_lib.o)
 .gnu.attributes
                0x00000130       0x10 c:/program files (x86)/microchip/xc32/v1.33/bin/bin/../../lib/gcc/pic32mx/4.5.2/../../../../pic32mx/lib\libmchp_peripheral_32MX250F128D.a(int_tbl_lib.o)
 .gnu.attributes
                0x00000140       0x10 c:/program files (x86)/microchip/xc32/v1.33/bin/bin/../../lib/gcc/pic32mx/4.5.2/../../../../pic32mx/lib\libmchp_peripheral_32MX250F128D.a(_rtcc_wait_clock_off_lib.o)
 .gnu.attributes
                0x00000150       0x10 c:/program files (x86)/microchip/xc32/v1.33/bin/bin/../../lib/gcc/pic32mx/4.5.2\libgcc.a(floatunsisf.o)
 .gnu.attributes
                0x00000160       0x10 c:/program files (x86)/microchip/xc32/v1.33/bin/bin/../../lib/gcc/pic32mx/4.5.2/../../../../pic32mx/lib\libpic32.a(default-bootstrap-exception-handler.o)
 .gnu.attributes
                0x00000170       0x10 c:/program files (x86)/microchip/xc32/v1.33/bin/bin/../../lib/gcc/pic32mx/4.5.2/../../../../pic32mx/lib\libpic32.a(default-on-reset.o)
 .gnu.attributes
                0x00000180       0x10 c:/program files (x86)/microchip/xc32/v1.33/bin/bin/../../lib/gcc/pic32mx/4.5.2/../../../../pic32mx/lib\libpic32.a(default-on-bootstrap.o)
 .gnu.attributes
                0x00000190       0x10 c:/program files (x86)/microchip/xc32/v1.33/bin/bin/../../lib/gcc/pic32mx/4.5.2/../../../../pic32mx/lib\libpic32.a(defaultinterrupt.o)
 .gnu.attributes
                0x000001a0       0x10 c:/program files (x86)/microchip/xc32/v1.33/bin/bin/../../lib/gcc/pic32mx/4.5.2/../../../../pic32mx/lib\libc.a(ctypef.o)
 .gnu.attributes
                0x000001b0       0x10 c:/program files (x86)/microchip/xc32/v1.33/bin/bin/../../lib/gcc/pic32mx/4.5.2/../../../../pic32mx/lib\libc.a(strchr.o)
 .gnu.attributes
                0x000001c0       0x10 c:/program files (x86)/microchip/xc32/v1.33/bin/bin/../../lib/gcc/pic32mx/4.5.2/../../../../pic32mx/lib\libc.a(strncpy.o)
 .gnu.attributes
                0x000001d0       0x10 c:/program files (x86)/microchip/xc32/v1.33/bin/bin/../../lib/gcc/pic32mx/4.5.2/../../../../pic32mx/lib\libc.a(ctype.o)
LOAD c:/program files (x86)/microchip/xc32/v1.33/bin/bin/../../lib/gcc/pic32mx/4.5.2\libgcc.a
START GROUP
LOAD c:/program files (x86)/microchip/xc32/v1.33/bin/bin/../../lib/gcc/pic32mx/4.5.2/../../../../pic32mx/lib\libpic32.a
LOAD c:/program files (x86)/microchip/xc32/v1.33/bin/bin/../../lib/gcc/pic32mx/4.5.2/../../../../pic32mx/lib\libdebug.a
LOAD c:/program files (x86)/microchip/xc32/v1.33/bin/bin/../../lib/gcc/pic32mx/4.5.2/../../../../pic32mx/lib\libpic32.a
LOAD c:/program files (x86)/microchip/xc32/v1.33/bin/bin/../../lib/gcc/pic32mx/4.5.2/../../../../pic32mx/lib\libm.a
LOAD c:/program files (x86)/microchip/xc32/v1.33/bin/bin/../../lib/gcc/pic32mx/4.5.2/../../../../pic32mx/lib\libe.a
LOAD c:/program files (x86)/microchip/xc32/v1.33/bin/bin/../../lib/gcc/pic32mx/4.5.2/../../../../pic32mx/lib\libdsp.a
LOAD c:/program files (x86)/microchip/xc32/v1.33/bin/bin/../../lib/gcc/pic32mx/4.5.2\libgcc.a
LOAD c:/program files (x86)/microchip/xc32/v1.33/bin/bin/../../lib/gcc/pic32mx/4.5.2/../../../../pic32mx/lib\libc.a
LOAD c:/program files (x86)/microchip/xc32/v1.33/bin/bin/../../lib/gcc/pic32mx/4.5.2/../../../../pic32mx/lib\libpic32.a
END GROUP
LOAD c:/program files (x86)/microchip/xc32/v1.33/bin/bin/../../lib/gcc/pic32mx/4.5.2\libgcc.a
OUTPUT(dist/C32_PIC32MX795F512L/production/try50.X.production.elf elf32-tradlittlemips)
LOAD stack
LOAD data_init

.reginfo        0x00000000       0x18
 .reginfo       0x00000000       0x18 c:/program files (x86)/microchip/xc32/v1.33/bin/bin/../../lib/gcc/pic32mx/4.5.2/../../../../pic32mx/lib/./proc/32MX250F128D/crt0_mips32r2.o

.stack          0xa0000680      0x400
 .stack         0xa0000680      0x400 stack

.data           0xa000063c       0x18
 .data          0xa000063c       0x18 build/C32_PIC32MX795F512L/production/Demonstration.o